Component: ARM Compiler 5.06 update 5 (build 528) Tool: armlink [4d35e2]

==============================================================================

Section Cross References

    main.o(i.main) refers to taskinit.o(i.SYSTEM_Init) for SYSTEM_Init
    system_stm32f4xx.o(i.SystemCoreClockUpdate) refers to system_stm32f4xx.o(.data) for .data
    system_stm32f4xx.o(i.SystemInit) refers to system_stm32f4xx.o(i.SetSysClock) for SetSysClock
    can received.o(i.CAN1_RX0_IRQHandler) refers to stm32f4xx_can.o(i.CAN_Receive) for CAN_Receive
    can received.o(i.CAN1_RX0_IRQHandler) refers to variable.o(i.uint_to_float) for uint_to_float
    can received.o(i.CAN1_RX0_IRQHandler) refers to can received.o(.bss) for .bss
    can received.o(i.CAN1_RX0_IRQHandler) refers to variable.o(.bss) for DM
    can received.o(i.CAN1_RX0_IRQHandler) refers to variable.o(.data) for Super_power
    can received.o(i.CAN2_RX1_IRQHandler) refers to stm32f4xx_can.o(i.CAN_Receive) for CAN_Receive
    can received.o(i.CAN2_RX1_IRQHandler) refers to variable.o(i.uint_to_float) for uint_to_float
    can received.o(i.CAN2_RX1_IRQHandler) refers to variable.o(.bss) for DM
    can received.o(i.CAN2_RX1_IRQHandler) refers to variable.o(.bss) for DJ6020
    can received.o(i.CAN2_RX1_IRQHandler) refers to judgement_info.o(.bss) for PowerHeatData
    can received.o(i.CAN2_RX1_IRQHandler) refers to remote_control.o(.bss) for rc_ctrl
    can received.o(i.CAN2_RX1_IRQHandler) refers to variable.o(.data) for RC_Mode
    can received.o(i.CAN2_RX1_IRQHandler) refers to variable.o(.data) for Last_Mode
    can received.o(i.CAN2_RX1_IRQHandler) refers to variable.o(.data) for SHIFT_PRESS
    can received.o(i.CAN2_RX1_IRQHandler) refers to variable.o(.data) for Cutting
    can received.o(i.CAN2_RX1_IRQHandler) refers to can received.o(.data) for .data
    can received.o(i.CAN2_RX1_IRQHandler) refers to variable.o(.data) for FLAG
    can received.o(i.CAN2_RX1_IRQHandler) refers to variable.o(.data) for RealSpeed
    can received.o(i.CAN2_RX1_IRQHandler) refers to variable.o(.bss) for MF
    can received.o(i.CAN2_RX1_IRQHandler) refers to variable.o(.data) for Super_power
    can send.o(i.CAN_CMD_SUPERPOWER) refers to stm32f4xx_can.o(i.CAN_Transmit) for CAN_Transmit
    can send.o(i.CAN_CMD_SUPERPOWER) refers to can send.o(.data) for .data
    can send.o(i.Can_9025_Send1) refers to stm32f4xx_can.o(i.CAN_Transmit) for CAN_Transmit
    can send.o(i.Can_9025_Send2) refers to stm32f4xx_can.o(i.CAN_Transmit) for CAN_Transmit
    can send.o(i.Can_DM8009_DISABLE) refers to stm32f4xx_can.o(i.CAN_Transmit) for CAN_Transmit
    can send.o(i.Can_DM8009_ENABLE) refers to stm32f4xx_can.o(i.CAN_Transmit) for CAN_Transmit
    can send.o(i.Can_DM8009_TOR) refers to variable.o(i.float_to_uint) for float_to_uint
    can send.o(i.Can_DM8009_TOR) refers to stm32f4xx_can.o(i.CAN_Transmit) for CAN_Transmit
    can send.o(i.Can_DM8009_TOR) refers to can send.o(.data) for .data
    can send.o(i.Can_DM8009_ZERO) refers to stm32f4xx_can.o(i.CAN_Transmit) for CAN_Transmit
    can send.o(i.PlateCan) refers to stm32f4xx_can.o(i.CAN_Transmit) for CAN_Transmit
    can send.o(i.PlateCan) refers to variable.o(.data) for Super_power
    can send.o(i.PlateCan) refers to judgement_info.o(.bss) for GameRobotStat
    can.o(i.CAN1_Mode_Init) refers to stm32f4xx_rcc.o(i.RCC_AHB1PeriphClockCmd) for RCC_AHB1PeriphClockCmd
    can.o(i.CAN1_Mode_Init) refers to stm32f4xx_rcc.o(i.RCC_APB1PeriphClockCmd) for RCC_APB1PeriphClockCmd
    can.o(i.CAN1_Mode_Init) refers to stm32f4xx_gpio.o(i.GPIO_Init) for GPIO_Init
    can.o(i.CAN1_Mode_Init) refers to stm32f4xx_gpio.o(i.GPIO_PinAFConfig) for GPIO_PinAFConfig
    can.o(i.CAN1_Mode_Init) refers to stm32f4xx_can.o(i.CAN_Init) for CAN_Init
    can.o(i.CAN1_Mode_Init) refers to stm32f4xx_can.o(i.CAN_FilterInit) for CAN_FilterInit
    can.o(i.CAN1_Mode_Init) refers to stm32f4xx_can.o(i.CAN_ITConfig) for CAN_ITConfig
    can.o(i.CAN1_Mode_Init) refers to misc.o(i.NVIC_Init) for NVIC_Init
    can.o(i.CAN2_Mode_Init) refers to stm32f4xx_rcc.o(i.RCC_AHB1PeriphClockCmd) for RCC_AHB1PeriphClockCmd
    can.o(i.CAN2_Mode_Init) refers to stm32f4xx_rcc.o(i.RCC_APB1PeriphClockCmd) for RCC_APB1PeriphClockCmd
    can.o(i.CAN2_Mode_Init) refers to stm32f4xx_rcc.o(i.RCC_APB1PeriphResetCmd) for RCC_APB1PeriphResetCmd
    can.o(i.CAN2_Mode_Init) refers to stm32f4xx_gpio.o(i.GPIO_Init) for GPIO_Init
    can.o(i.CAN2_Mode_Init) refers to stm32f4xx_gpio.o(i.GPIO_PinAFConfig) for GPIO_PinAFConfig
    can.o(i.CAN2_Mode_Init) refers to stm32f4xx_can.o(i.CAN_Init) for CAN_Init
    can.o(i.CAN2_Mode_Init) refers to stm32f4xx_can.o(i.CAN_FilterInit) for CAN_FilterInit
    can.o(i.CAN2_Mode_Init) refers to stm32f4xx_can.o(i.CAN_ITConfig) for CAN_ITConfig
    can.o(i.CAN2_Mode_Init) refers to misc.o(i.NVIC_Init) for NVIC_Init
    pid.o(i.VerticalTurn) refers to variable.o(.bss) for Turn
    remote_control.o(i.RC_MODE_CONTROL) refers to can send.o(i.PlateCan) for PlateCan
[...]
    TIM8_CC_IRQHandler                       0x0800026f   Thumb Code     0  startup_stm32f40_41xxx.o(.text)
    TIM8_TRG_COM_TIM14_IRQHandler            0x0800026f   Thumb Code     0  startup_stm32f40_41xxx.o(.text)
    TIM8_UP_TIM13_IRQHandler                 0x0800026f   Thumb Code     0  startup_stm32f40_41xxx.o(.text)
    UART4_IRQHandler                         0x0800026f   Thumb Code     0  startup_stm32f40_41xxx.o(.text)
    USART1_IRQHandler                        0x0800026f   Thumb Code     0  startup_stm32f40_41xxx.o(.text)
    USART3_IRQHandler                        0x0800026f   Thumb Code     0  startup_stm32f40_41xxx.o(.text)
    USART6_IRQHandler                        0x0800026f   Thumb Code     0  startup_stm32f40_41xxx.o(.text)
    WWDG_IRQHandler                          0x0800026f   Thumb Code     0  startup_stm32f40_41xxx.o(.text)
    arm_cos_f32                              0x08000279   Thumb Code   108  arm_cos_f32.o(.text)
    arm_sin_f32                              0x080002f1   Thumb Code   104  arm_sin_f32.o(.text)
    arm_mat_add_f32                          0x08000365   Thumb Code   264  arm_mat_add_f32.o(.text)
    arm_mat_init_f32                         0x0800046d   Thumb Code     8  arm_mat_init_f32.o(.text)
    arm_mat_inverse_f32                      0x08000475   Thumb Code  1328  arm_mat_inverse_f32.o(.text)
    arm_mat_mult_f32                         0x080009a5   Thumb Code   312  arm_mat_mult_f32.o(.text)
    arm_mat_sub_f32                          0x08000ae1   Thumb Code   264  arm_mat_sub_f32.o(.text)
    arm_mat_trans_f32                        0x08000be9   Thumb Code   276  arm_mat_trans_f32.o(.text)
    __aeabi_memcpy                           0x08000cfd   Thumb Code    36  memcpya.o(.text)
    __aeabi_memcpy4                          0x08000cfd   Thumb Code     0  memcpya.o(.text)
    __aeabi_memcpy8                          0x08000cfd   Thumb Code     0  memcpya.o(.text)
    __aeabi_memset                           0x08000d21   Thumb Code    14  memseta.o(.text)
    __aeabi_memset4                          0x08000d21   Thumb Code     0  memseta.o(.text)
    __aeabi_memset8                          0x08000d21   Thumb Code     0  memseta.o(.text)
    __aeabi_memclr                           0x08000d2f   Thumb Code     4  memseta.o(.text)
    __aeabi_memclr4                          0x08000d2f   Thumb Code     0  memseta.o(.text)
    __aeabi_memclr8                          0x08000d2f   Thumb Code     0  memseta.o(.text)
    _memset$wrapper                          0x08000d33   Thumb Code    18  memseta.o(.text)
    __aeabi_dadd                             0x08000d45   Thumb Code   322  dadd.o(.text)
    __aeabi_dsub                             0x08000e87   Thumb Code     6  dadd.o(.text)
    __aeabi_drsub                            0x08000e8d   Thumb Code     6  dadd.o(.text)
    __aeabi_dmul                             0x08000e93   Thumb Code   228  dmul.o(.text)
    __aeabi_ddiv                             0x08000f77   Thumb Code   222  ddiv.o(.text)
    __aeabi_ul2f                             0x08001055   Thumb Code    28  ffltul.o(.text)
    __aeabi_i2d                              0x08001071   Thumb Code    34  dflti.o(.text)
    __aeabi_ui2d                             0x08001093   Thumb Code    26  dfltui.o(.text)
    __aeabi_f2d                              0x080010ad   Thumb Code    38  f2d.o(.text)
    __aeabi_cdcmpeq                          0x080010d5   Thumb Code     0  cdcmple.o(.text)
    __aeabi_cdcmple                          0x080010d5   Thumb Code    48  cdcmple.o(.text)
    __aeabi_cdrcmple                         0x08001105   Thumb Code    48  cdrcmple.o(.text)
    __aeabi_d2f                              0x08001135   Thumb Code    56  d2f.o(.text)
    __aeabi_uidiv                            0x0800116d   Thumb Code     0  uidiv.o(.text)
    __aeabi_uidivmod                         0x0800116d   Thumb Code    44  uidiv.o(.text)
    __aeabi_uldivmod                         0x08001199   Thumb Code    98  uldiv.o(.text)
    __aeabi_llsl                             0x080011fb   Thumb Code    30  llshl.o(.text)
    _ll_shift_l                              0x080011fb   Thumb Code     0  llshl.o(.text)
    __aeabi_lasr                             0x08001219   Thumb Code    36  llsshr.o(.text)
    _ll_sshift_r                             0x08001219   Thumb Code     0  llsshr.o(.text)
    __I$use$fp                               0x0800123d   Thumb Code     0  iusefp.o(.text)
    _float_round                             0x0800123d   Thumb Code    18  fepilogue.o(.text)
    _float_epilogue                          0x0800124f   Thumb Code    92  fepilogue.o(.text)
    _double_round                            0x080012ab   Thumb Code    30  depilogue.o(.text)
    _double_epilogue                         0x080012c9   Thumb Code   156  depilogue.o(.text)
    _dsqrt                                   0x08001365   Thumb Code   162  dsqrt.o(.text)
    __aeabi_d2ulz                            0x08001407   Thumb Code    48  dfixul.o(.text)
    __scatterload                            0x08001439   Thumb Code    28  init.o(.text)
    __scatterload_rt2                        0x08001439   Thumb Code     0  init.o(.text)
    __aeabi_llsr                             0x0800145d   Thumb Code    32  llushr.o(.text)
    __semihosting_library_function           0x0800145d   Thumb Code     0  semi.o(.text)
    _ll_ushift_r                             0x0800145d   Thumb Code     0  llushr.o(.text)
    __I$use$semihosting$fputc                0x0800147d   Thumb Code     0  iusesemip.o(.text)
    __aeabi_d2iz                             0x0800147d   Thumb Code    62  dfixi.o(.text)
    __decompress                             0x080014bb   Thumb Code     0  __dczerorl2.o(.text)
    __decompress1                            0x080014bb   Thumb Code    86  __dczerorl2.o(.text)
    ACCEL_Calibration                        0x08001511   Thumb Code   498  imutask.o(i.ACCEL_Calibration)
    ACCEL_Filter                             0x08001735   Thumb Code   138  imutask.o(i.ACCEL_Filter)
    AHRSUpdate_GraDes_Delay_Corretion        0x080017d1   Thumb Code  1466  imutask.o(i.AHRSUpdate_GraDes_Delay_Corretion)
    Acce_Correct_Filter                      0x08001da9   Thumb Code     8  filter_control.o(i.Acce_Correct_Filter)
    Accel_calibration_get                    0x08001db5   Thumb Code   168  imutask.o(i.Accel_calibration_get)
    Atti2Mat_d                               0x08001e71   Thumb Code   840  filter_control.o(i.Atti2Mat_d)
    BSP_Init                                 0x080021c1   Thumb Code    30  taskinit.o(i.BSP_Init)
    BusFault_Handler                         0x080021df   Thumb Code     2  stm32f4xx_it.o(i.BusFault_Handler)
    CAN1_Mode_Init                           0x080021e1   Thumb Code   234  can.o(i.CAN1_Mode_Init)
    CAN1_RX0_IRQHandler                      0x080022d5   Thumb Code   154  can received.o(i.CAN1_RX0_IRQHandler)
    CAN2_Mode_Init                           0x08002399   Thumb Code   238  can.o(i.CAN2_Mode_Init)
    CAN2_RX1_IRQHandler                      0x08002491   Thumb Code   828  can received.o(i.CAN2_RX1_IRQHandler)
    CAN_CMD_SUPERPOWER                       0x0800283d   Thumb Code    62  can send.o(i.CAN_CMD_SUPERPOWER)
    CAN_FilterInit                           0x08002885   Thumb Code   194  stm32f4xx_can.o(i.CAN_FilterInit)
    CAN_ITConfig                             0x08002951   Thumb Code    16  stm32f4xx_can.o(i.CAN_ITConfig)
    CAN_Init                                 0x08002961   Thumb Code   232  stm32f4xx_can.o(i.CAN_Init)
    CAN_Receive                              0x08002a49   Thumb Code   142  stm32f4xx_can.o(i.CAN_Receive)
    CAN_Transmit                             0x08002ad7   Thumb Code   164  stm32f4xx_can.o(i.CAN_Transmit)
    CHASSIS_task                             0x08002b7d   Thumb Code   690  taskinit.o(i.CHASSIS_task)
    Can_9025_Send1                           0x08002e81   Thumb Code    64  can send.o(i.Can_9025_Send1)
    Can_9025_Send2                           0x08002ec5   Thumb Code    64  can send.o(i.Can_9025_Send2)
    Can_DM8009_DISABLE                       0x08002f09   Thumb Code    74  can send.o(i.Can_DM8009_DISABLE)
    Can_DM8009_ENABLE                        0x08002f59   Thumb Code    74  can send.o(i.Can_DM8009_ENABLE)
    Can_DM8009_TOR                           0x08002fa9   Thumb Code    78  can send.o(i.Can_DM8009_TOR)
    Can_DM8009_ZERO                          0x08003009   Thumb Code    74  can send.o(i.Can_DM8009_ZERO)
    Chebyshev50HzLPF                         0x08003059   Thumb Code   188  filter_control.o(i.Chebyshev50HzLPF)
    DMA_ClearFlag                            0x08003121   Thumb Code    32  stm32f4xx_dma.o(i.DMA_ClearFlag)
    DMA_Cmd                                  0x0800314d   Thumb Code    20  stm32f4xx_dma.o(i.DMA_Cmd)
    DMA_DeInit                               0x08003161   Thumb Code   272  stm32f4xx_dma.o(i.DMA_DeInit)
    DMA_DoubleBufferModeCmd                  0x08003285   Thumb Code    20  stm32f4xx_dma.o(i.DMA_DoubleBufferModeCmd)
    DMA_DoubleBufferModeConfig               0x08003299   Thumb Code    22  stm32f4xx_dma.o(i.DMA_DoubleBufferModeConfig)
    DMA_GetCurrDataCounter                   0x080032af   Thumb Code     6  stm32f4xx_dma.o(i.DMA_GetCurrDataCounter)
    DMA_GetCurrentMemoryTarget               0x080032b5   Thumb Code    14  stm32f4xx_dma.o(i.DMA_GetCurrentMemoryTarget)
    DMA_Init                                 0x080032c5   Thumb Code    80  stm32f4xx_dma.o(i.DMA_Init)
    DMA_SetCurrDataCounter                   0x08003319   Thumb Code     4  stm32f4xx_dma.o(i.DMA_SetCurrDataCounter)
    DebugMon_Handler                         0x0800331d   Thumb Code     2  stm32f4xx_it.o(i.DebugMon_Handler)
    FLASH_ClearFlag                          0x08003321   Thumb Code     6  stm32f4xx_flash.o(i.FLASH_ClearFlag)
    FLASH_EraseSector                        0x0800332d   Thumb Code   104  stm32f4xx_flash.o(i.FLASH_EraseSector)
    FLASH_GetStatus                          0x08003399   Thumb Code    56  stm32f4xx_flash.o(i.FLASH_GetStatus)
    FLASH_Lock                               0x080033d5   Thumb Code    12  stm32f4xx_flash.o(i.FLASH_Lock)
    FLASH_ProgramByte                        0x080033e5   Thumb Code    52  stm32f4xx_flash.o(i.FLASH_ProgramByte)
    FLASH_Unlock                             0x0800341d   Thumb Code    22  stm32f4xx_flash.o(i.FLASH_Unlock)
    FLASH_WaitForLastOperation               0x08003441   Thumb Code    30  stm32f4xx_flash.o(i.FLASH_WaitForLastOperation)
    FlashAllEraseBoot                        0x0800345f   Thumb Code    28  bsp_flash.o(i.FlashAllEraseBoot)
    FlashReadK                               0x0800347d   Thumb Code    20  bsp_flash.o(i.FlashReadK)
    FlashWriteK                              0x08003495   Thumb Code    46  bsp_flash.o(i.FlashWriteK)
    GPIO_Init                                0x080034c9   Thumb Code   120  stm32f4xx_gpio.o(i.GPIO_Init)
    GPIO_PinAFConfig                         0x08003541   Thumb Code    32  stm32f4xx_gpio.o(i.GPIO_PinAFConfig)
    GPIO_ResetBits                           0x08003561   Thumb Code     4  stm32f4xx_gpio.o(i.GPIO_ResetBits)
    GPIO_SetBits                             0x08003565   Thumb Code     4  stm32f4xx_gpio.o(i.GPIO_SetBits)
    GYRO_Filter                              0x08003569   Thumb Code   112  imutask.o(i.GYRO_Filter)
    Get_Sys_Ticks                            0x080035dd   Thumb Code    74  mpu_time_init.o(i.Get_Sys_Ticks)
    Gyro_Correct_Filter                      0x08003631   Thumb Code    94  filter_control.o(i.Gyro_Correct_Filter)
    HardFault_Handler                        0x080036a1   Thumb Code     2  stm32f4xx_it.o(i.HardFault_Handler)
    IMU_Calibration                          0x080036a5   Thumb Code   110  imutask.o(i.IMU_Calibration)
    IMU_task                                 0x0800371d   Thumb Code   102  imutask.o(i.IMU_task)
    Kalaman_feedback                         0x0800378d   Thumb Code   412  kalaman.o(i.Kalaman_feedback)
    Kalman_Filter_Init                       0x0800392d   Thumb Code   532  kalaman.o(i.Kalman_Filter_Init)
    MPU6500_1_init                           0x08003b59   Thumb Code   302  bsp_mpu9250_init.o(i.MPU6500_1_init)
    MPU6500_2_init                           0x08003c87   Thumb Code   302  bsp_mpu9250_init.o(i.MPU6500_2_init)
    MPU6500_Init                             0x08003db5   Thumb Code    24  bsp_mpu9250_init.o(i.MPU6500_Init)
    MPU9250_Get_Accelerometer                0x08003dcd   Thumb Code    82  bsp_mpu9250_init.o(i.MPU9250_Get_Accelerometer)
    MPU9250_Get_Gyroscope                    0x08003e1f   Thumb Code   130  bsp_mpu9250_init.o(i.MPU9250_Get_Gyroscope)
    MPU9250_Get_Temperature                  0x08003ea1   Thumb Code    62  bsp_mpu9250_init.o(i.MPU9250_Get_Temperature)
    MPU9250_Read_Byte                        0x08003ef1   Thumb Code    82  bsp_mpu9250_init.o(i.MPU9250_Read_Byte)
    MPU9250_Read_Len                         0x08003f4d   Thumb Code   102  bsp_mpu9250_init.o(i.MPU9250_Read_Len)
    MPU9250_Write_Byte                       0x08003fbd   Thumb Code    80  bsp_mpu9250_init.o(i.MPU9250_Write_Byte)
    MPUHEAT_configuration                    0x08004015   Thumb Code    48  bsp_mpu9250_init.o(i.MPUHEAT_configuration)
    MPUHEAT_off                              0x08004049   Thumb Code     8  bsp_mpu9250_init.o(i.MPUHEAT_off)
    MPU_SPI_Configuration                    0x08004055   Thumb Code   138  bsp_mpu9250_init.o(i.MPU_SPI_Configuration)
    Mat2Quat                                 0x080040ed   Thumb Code   966  filter_control.o(i.Mat2Quat)
    Mat_Trans_d                              0x080044dd   Thumb Code    92  filter_control.o(i.Mat_Trans_d)
    MemManage_Handler                        0x08004539   Thumb Code     2  stm32f4xx_it.o(i.MemManage_Handler)
    NMI_Handler                              0x0800453b   Thumb Code     2  stm32f4xx_it.o(i.NMI_Handler)
    NVIC_Init                                0x0800453d   Thumb Code    96  misc.o(i.NVIC_Init)
    NVIC_PriorityGroupConfig                 0x080045a1   Thumb Code    10  misc.o(i.NVIC_PriorityGroupConfig)
    PlateCan                                 0x080045b5   Thumb Code    92  can send.o(i.PlateCan)
    RAMP_float                               0x08004621   Thumb Code    82  variable.o(i.RAMP_float)
    RCC_AHB1PeriphClockCmd                   0x08004675   Thumb Code    18  stm32f4xx_rcc.o(i.RCC_AHB1PeriphClockCmd)
    RCC_APB1PeriphClockCmd                   0x0800468d   Thumb Code    18  stm32f4xx_rcc.o(i.RCC_APB1PeriphClockCmd)
    RCC_APB1PeriphResetCmd                   0x080046a5   Thumb Code    18  stm32f4xx_rcc.o(i.RCC_APB1PeriphResetCmd)
    RCC_APB2PeriphClockCmd                   0x080046bd   Thumb Code    18  stm32f4xx_rcc.o(i.RCC_APB2PeriphClockCmd)
    RCC_APB2PeriphResetCmd                   0x080046d5   Thumb Code    18  stm32f4xx_rcc.o(i.RCC_APB2PeriphResetCmd)
    RCC_GetClocksFreq                        0x080046ed   Thumb Code   132  stm32f4xx_rcc.o(i.RCC_GetClocksFreq)
    RC_Init                                  0x0800477d   Thumb Code   306  usart_dr16.o(i.RC_Init)
    SPI1_Init                                0x080049fd   Thumb Code   180  mpu_spi_init.o(i.SPI1_Init)
    SPI1_ReadWriteByte                       0x08004ab9   Thumb Code    48  mpu_spi_init.o(i.SPI1_ReadWriteByte)
    SPI_Cmd                                  0x08004aed   Thumb Code    20  stm32f4xx_spi.o(i.SPI_Cmd)
    SPI_I2S_GetFlagStatus                    0x08004b01   Thumb Code    14  stm32f4xx_spi.o(i.SPI_I2S_GetFlagStatus)
    SPI_I2S_ReceiveData                      0x08004b0f   Thumb Code     4  stm32f4xx_spi.o(i.SPI_I2S_ReceiveData)
    SPI_I2S_SendData                         0x08004b13   Thumb Code     4  stm32f4xx_spi.o(i.SPI_I2S_SendData)
    SPI_Init                                 0x08004b17   Thumb Code    56  stm32f4xx_spi.o(i.SPI_Init)
    SYSTEM_Init                              0x08004b51   Thumb Code    96  taskinit.o(i.SYSTEM_Init)
    Solve_task                               0x08004c6d   Thumb Code  7078  taskinit.o(i.Solve_task)
    SysTick_CLKSourceConfig                  0x08006899   Thumb Code    24  misc.o(i.SysTick_CLKSourceConfig)
    SysTick_Handler                          0x080068b1   Thumb Code    20  delay.o(i.SysTick_Handler)
    SystemInit                               0x080068c5   Thumb Code    74  system_stm32f4xx.o(i.SystemInit)
    TIM5_IRQHandler                          0x08006921   Thumb Code    44  rs485.o(i.TIM5_IRQHandler)
    TIM5_Init                                0x08006955   Thumb Code    88  rs485.o(i.TIM5_Init)
    TIM_ClearITPendingBit                    0x080069b1   Thumb Code     6  stm32f4xx_tim.o(i.TIM_ClearITPendingBit)
    TIM_Cmd                                  0x080069b7   Thumb Code    20  stm32f4xx_tim.o(i.TIM_Cmd)
    TIM_GetITStatus                          0x080069cb   Thumb Code    24  stm32f4xx_tim.o(i.TIM_GetITStatus)
    TIM_ITConfig                             0x080069e3   Thumb Code    16  stm32f4xx_tim.o(i.TIM_ITConfig)
    TIM_TimeBaseInit                         0x080069f5   Thumb Code    96  stm32f4xx_tim.o(i.TIM_TimeBaseInit)
    Task_Init                                0x08006a71   Thumb Code    30  taskinit.o(i.Task_Init)
    UART5_IRQHandler                         0x08006aa5   Thumb Code   122  laser.o(i.UART5_IRQHandler)
    USART2_IRQHandler                        0x08006b2d   Thumb Code   232  remote_control.o(i.USART2_IRQHandler)
    USART_ClearFlag                          0x08006c29   Thumb Code     6  stm32f4xx_usart.o(i.USART_ClearFlag)
    USART_ClearITPendingBit                  0x08006c2f   Thumb Code    12  stm32f4xx_usart.o(i.USART_ClearITPendingBit)
    USART_Cmd                                0x08006c3b   Thumb Code    20  stm32f4xx_usart.o(i.USART_Cmd)
    USART_DMACmd                             0x08006c4f   Thumb Code    16  stm32f4xx_usart.o(i.USART_DMACmd)
    USART_DeInit                             0x08006c61   Thumb Code   138  stm32f4xx_usart.o(i.USART_DeInit)
    USART_GetITStatus                        0x08006d0d   Thumb Code    62  stm32f4xx_usart.o(i.USART_GetITStatus)
    USART_ITConfig                           0x08006d4b   Thumb Code    48  stm32f4xx_usart.o(i.USART_ITConfig)
    USART_Init                               0x08006d7d   Thumb Code   164  stm32f4xx_usart.o(i.USART_Init)
    USART_ReceiveData                        0x08006e29   Thumb Code     8  stm32f4xx_usart.o(i.USART_ReceiveData)
    UsageFault_Handler                       0x08006e31   Thumb Code     2  stm32f4xx_it.o(i.UsageFault_Handler)
    VerticalTurn                             0x08006e35   Thumb Code    52  pid.o(i.VerticalTurn)
    __0printf                                0x08006e6d   Thumb Code    22  printfa.o(i.__0printf)
    __1printf                                0x08006e6d   Thumb Code     0  printfa.o(i.__0printf)
    __2printf                                0x08006e6d   Thumb Code     0  printfa.o(i.__0printf)
    __c89printf                              0x08006e6d   Thumb Code     0  printfa.o(i.__0printf)
    printf                                   0x08006e6d   Thumb Code     0  printfa.o(i.__0printf)
    __ARM_fpclassify                         0x08006e8d   Thumb Code    48  fpclassify.o(i.__ARM_fpclassify)
    __hardfp_asin                            0x08006ec1   Thumb Code   770  asin.o(i.__hardfp_asin)
    __hardfp_atan                            0x08007221   Thumb Code   622  atan.o(i.__hardfp_atan)
    __hardfp_atan2                           0x080074f9   Thumb Code   432  atan2.o(i.__hardfp_atan2)
    __hardfp_cos                             0x080076e9   Thumb Code   180  cos.o(i.__hardfp_cos)
    __hardfp_sin                             0x080077b1   Thumb Code   180  sin.o(i.__hardfp_sin)
    __hardfp_sqrt                            0x08007879   Thumb Code   122  sqrt_full.o(i.__hardfp_sqrt)
    __ieee754_rem_pio2                       0x080078f9   Thumb Code   938  rred.o(i.__ieee754_rem_pio2)
    __kernel_cos                             0x08007d31   Thumb Code   322  cos_i.o(i.__kernel_cos)
    __kernel_poly                            0x08007ea1   Thumb Code   248  poly.o(i.__kernel_poly)
    __kernel_sin                             0x08007f99   Thumb Code   280  sin_i.o(i.__kernel_sin)
    __mathlib_dbl_infnan                     0x080080c9   Thumb Code    20  dunder.o(i.__mathlib_dbl_infnan)
    __mathlib_dbl_infnan2                    0x080080dd   Thumb Code    20  dunder.o(i.__mathlib_dbl_infnan2)
    __mathlib_dbl_invalid                    0x080080f1   Thumb Code    24  dunder.o(i.__mathlib_dbl_invalid)
    __mathlib_dbl_underflow                  0x08008111   Thumb Code    24  dunder.o(i.__mathlib_dbl_underflow)
    __scatterload_copy                       0x08008131   Thumb Code    14  handlers.o(i.__scatterload_copy)
    __scatterload_null                       0x0800813f   Thumb Code     2  handlers.o(i.__scatterload_null)
    __scatterload_zeroinit                   0x08008141   Thumb Code    14  handlers.o(i.__scatterload_zeroinit)
    __set_errno                              0x08008151   Thumb Code     6  errno.o(i.__set_errno)
    accel_data_update                        0x08008a11   Thumb Code    80  accelerometer_calibration.o(i.accel_data_update)
    accel_mat_init                           0x08008a6d   Thumb Code   312  accelerometer_calibration.o(i.accel_mat_init)
    atan                                     0x08008bb1   Thumb Code    16  atan.o(i.atan)
    caculate_mat                             0x08008bc1   Thumb Code   132  accelerometer_calibration.o(i.caculate_mat)
    cali_accel_para                          0x08008c49   Thumb Code   214  accelerometer_calibration.o(i.cali_accel_para)
    cali_fenction                            0x08008d25   Thumb Code     4  accelerometer_calibration.o(i.cali_fenction)
    delay_init                               0x08008d29   Thumb Code    50  delay.o(i.delay_init)
    fabs                                     0x08008d61   Thumb Code    24  fabs.o(i.fabs)
    float_to_uint                            0x08008d79   Thumb Code    40  variable.o(i.float_to_uint)
    fputc                                    0x08008da1   Thumb Code    18  fputc.o(i.fputc)
    invSqrt                                  0x08008dc1   Thumb Code    40  filter_control.o(i.invSqrt)
    main                                     0x08008ded   Thumb Code    10  main.o(i.main)
    mpu_delay_ms                             0x08008df7   Thumb Code    24  mpu_delay.o(i.mpu_delay_ms)
    my_sqrt                                  0x08008e11   Thumb Code    60  filter_control.o(i.my_sqrt)
    osKernelSysTick                          0x08008e51   Thumb Code    24  cmsis_os.o(i.osKernelSysTick)
    pvPortMalloc                             0x080096c1   Thumb Code   214  heap_4.o(i.pvPortMalloc)
    pvTaskIncrementMutexHeldCount            0x080097d5   Thumb Code    18  tasks.o(i.pvTaskIncrementMutexHeldCount)
    pxPortInitialiseStack                    0x080097ed   Thumb Code    40  port.o(i.pxPortInitialiseStack)
    remote_control_init                      0x08009819   Thumb Code    12  remote_control.o(i.remote_control_init)
    sqrt                                     0x08009829   Thumb Code   110  sqrt_full.o(i.sqrt)
    start_task                               0x08009899   Thumb Code    94  taskinit.o(i.start_task)
    uint_to_float                            0x08009931   Thumb Code    40  variable.o(i.uint_to_float)
    uxListRemove                             0x08009959   Thumb Code    36  list.o(i.uxListRemove)
    vListInitialise                          0x0800997d   Thumb Code    22  list.o(i.vListInitialise)
    vListInitialiseItem                      0x08009993   Thumb Code     6  list.o(i.vListInitialiseItem)
    vListInsert                              0x08009999   Thumb Code    48  list.o(i.vListInsert)
    vListInsertEnd                           0x080099c9   Thumb Code    24  list.o(i.vListInsertEnd)
    vPortEnterCritical                       0x080099e1   Thumb Code    50  port.o(i.vPortEnterCritical)
    vPortExitCritical                        0x08009a59   Thumb Code    34  port.o(i.vPortExitCritical)
    vPortFree                                0x08009abd   Thumb Code    94  heap_4.o(i.vPortFree)
    vPortSetupTimerInterrupt                 0x08009b59   Thumb Code    26  port.o(i.vPortSetupTimerInterrupt)
    vPortValidateInterruptPriority           0x08009b79   Thumb Code    70  port.o(i.vPortValidateInterruptPriority)
    vQueueAddToRegistry                      0x08009c05   Thumb Code    32  queue.o(i.vQueueAddToRegistry)
    vQueueWaitForMessageRestricted           0x08009c29   Thumb Code    68  queue.o(i.vQueueWaitForMessageRestricted)
    vTaskDelay                               0x08009c6d   Thumb Code    62  tasks.o(i.vTaskDelay)
    vTaskDelete                              0x08009cd9   Thumb Code   152  tasks.o(i.vTaskDelete)
    vTaskMissedYield                         0x08009da5   Thumb Code     8  tasks.o(i.vTaskMissedYield)
    vTaskPlaceOnEventList                    0x08009db1   Thumb Code    44  tasks.o(i.vTaskPlaceOnEventList)
    vTaskPlaceOnEventListRestricted          0x08009e05   Thumb Code    52  tasks.o(i.vTaskPlaceOnEventListRestricted)
    vTaskPriorityInherit                     0x08009e61   Thumb Code   124  tasks.o(i.vTaskPriorityInherit)
    vTaskSetTimeOutState                     0x08009ee5   Thumb Code    30  tasks.o(i.vTaskSetTimeOutState)
    vTaskStartScheduler                      0x08009f2d   Thumb Code    96  tasks.o(i.vTaskStartScheduler)
    vTaskSuspendAll                          0x08009fc1   Thumb Code    10  tasks.o(i.vTaskSuspendAll)
    vTaskSwitchContext                       0x08009fd1   Thumb Code    80  tasks.o(i.vTaskSwitchContext)
    xPortStartScheduler                      0x0800a04d   Thumb Code   196  port.o(i.xPortStartScheduler)
    xPortSysTickHandler                      0x0800a161   Thumb Code    38  port.o(i.xPortSysTickHandler)
    xQueueGenericCreate                      0x0800a18d   Thumb Code    72  queue.o(i.xQueueGenericCreate)
    xQueueGenericReceive                     0x0800a1f9   Thumb Code   348  queue.o(i.xQueueGenericReceive)
    xQueueGenericReset                       0x0800a37d   Thumb Code   128  queue.o(i.xQueueGenericReset)
    xQueueGenericSend                        0x0800a425   Thumb Code   350  queue.o(i.xQueueGenericSend)
    xQueueGenericSendFromISR                 0x0800a5ad   Thumb Code   188  queue.o(i.xQueueGenericSendFromISR)
    xTaskCheckForTimeOut                     0x0800a68d   Thumb Code    94  tasks.o(i.xTaskCheckForTimeOut)
    xTaskCreate                              0x0800a715   Thumb Code    86  tasks.o(i.xTaskCreate)
    xTaskGetSchedulerState                   0x0800a76d   Thumb Code    22  tasks.o(i.xTaskGetSchedulerState)
    xTaskGetTickCount                        0x0800a789   Thumb Code     6  tasks.o(i.xTaskGetTickCount)
    xTaskGetTickCountFromISR                 0x0800a795   Thumb Code    12  tasks.o(i.xTaskGetTickCountFromISR)
    xTaskIncrementTick                       0x0800a7a5   Thumb Code   188  tasks.o(i.xTaskIncrementTick)
    xTaskPriorityDisinherit                  0x0800a88d   Thumb Code   136  tasks.o(i.xTaskPriorityDisinherit)
    xTaskRemoveFromEventList                 0x0800a941   Thumb Code   102  tasks.o(i.xTaskRemoveFromEventList)
    xTaskResumeAll                           0x0800a9d9   Thumb Code   180  tasks.o(i.xTaskResumeAll)
    xTimerCreate                             0x0800aabd   Thumb Code    74  timers.o(i.xTimerCreate)
    xTimerCreateTimerTask                    0x0800ab31   Thumb Code    58  timers.o(i.xTimerCreateTimerTask)
    xTimerGenericCommand                     0x0800aba5   Thumb Code    98  timers.o(i.xTimerGenericCommand)
    NUM                                      0x0800ac38   Data         152  filter_control.o(.constdata)
    DEN                                      0x0800acd0   Data         152  filter_control.o(.constdata)
    sinTable_f32                             0x0800ad68   Data        2052  arm_common_tables.o(.constdata)
    __mathlib_zero                           0x0800b688   Data           8  qnan.o(.constdata)
    Region$$Table$$Base                      0x0800b780   Number         0  anon$$obj.o(Region$$Table)
    Region$$Table$$Limit                     0x0800b7b0   Number         0  anon$$obj.o(Region$$Table)
    SystemCoreClock                          0x10000000   Data           4  system_stm32f4xx.o(.data)
    AHBPrescTable                            0x10000004   Data          16  system_stm32f4xx.o(.data)
    Last_Mode                                0x10000014   Data           4  variable.o(.data)
    YAW_CTRL                                 0x10000018   Data           4  variable.o(.data)
    YAW_CTRL_Real                            0x1000001c   Data           4  variable.o(.data)
    RC_Mode                                  0x10000020   Data           4  variable.o(.data)
    Cutting                                  0x10000024   Data           4  variable.o(.data)
    RealSpeed                                0x10000028   Data           8  variable.o(.data)
    Super_power                              0x10000030   Data           6  variable.o(.data)
    SHIFT_PRESS                              0x10000038   Data           4  variable.o(.data)
    FLAG                                     0x1000003c   Data           4  variable.o(.data)
    time_speed                               0x10000040   Data           4  can received.o(.data)
    speed_zero                               0x10000044   Data           4  can received.o(.data)
    Stop_Time                                0x10000048   Data           4  can received.o(.data)
    PPow                                     0x1000004c   Data           4  can received.o(.data)
    Speed_m                                  0x10000050   Data           4  can received.o(.data)
    Real_Speed_Time                          0x10000054   Data           8  can received.o(.data)
    Real_acl                                 0x1000005c   Data           8  can received.o(.data)
    TOR                                      0x10000064   Data           2  can send.o(.data)
    CAN_TX_DATA                              0x10000068   Data           8  can send.o(.data)
    INPUTMOD                                 0x10000070   Data           1  remote_control.o(.data)
    Shift_Flag                               0x10000074   Data           1  remote_control.o(.data)
    Tim_Flag                                 0x10000078   Data           1  taskinit.o(.data)
    LEG_Flag                                 0x10000079   Data           1  taskinit.o(.data)
    Zero                                     0x1000007a   Data           1  taskinit.o(.data)
    walkkp                                   0x1000007c   Data           4  taskinit.o(.data)
    Wrad                                     0x10000080   Data           4  taskinit.o(.data)
    Standout                                 0x10000084   Data           4  taskinit.o(.data)
    Standout_Last                            0x10000088   Data           4  taskinit.o(.data)
    LEG0                                     0x1000008c   Data           4  taskinit.o(.data)
    LEG1                                     0x10000090   Data           4  taskinit.o(.data)
    PIANCHA                                  0x10000094   Data           4  taskinit.o(.data)
    Dodge_Speed                              0x10000098   Data           4  taskinit.o(.data)
    j                                        0x1000009c   Data           4  taskinit.o(.data)
    yunxing                                  0x100000a0   Data           4  taskinit.o(.data)
    PianXin                                  0x100000a4   Data           4  taskinit.o(.data)
    PITCHPianXin                             0x100000a8   Data           4  taskinit.o(.data)
    Targer_Temp                              0x100000ac   Data           4  taskinit.o(.data)
    CHASSISTask_Handler                      0x100000b0   Data           4  taskinit.o(.data)
    StartTask_Handler                        0x100000b4   Data           4  taskinit.o(.data)
    IMUTask_Handler                          0x100000b8   Data           4  taskinit.o(.data)
    SolveTask_Handler                        0x100000bc   Data           4  taskinit.o(.data)
    err_speed                                0x100000c0   Data           4  taskinit.o(.data)
    Goal_x                                   0x100000c4   Data           8  taskinit.o(.data)
    Goal_y                                   0x100000cc   Data           8  taskinit.o(.data)
    SpeedOut                                 0x100000d4   Data           8  taskinit.o(.data)
    F_front                                  0x100000dc   Data           8  taskinit.o(.data)
    ROLL_Last                                0x100000e4   Data           8  taskinit.o(.data)
    Time_Last                                0x100000f0   Data           8  taskinit.o(.data)
    FN                                       0x100000f8   Data           8  taskinit.o(.data)
    FP                                       0x10000100   Data           8  taskinit.o(.data)
    Time_Delta                               0x10000108   Data           8  taskinit.o(.data)
    Time_RUN                                 0x10000110   Data           8  taskinit.o(.data)
    Pitch_Last                               0x10000118   Data           8  taskinit.o(.data)
    real_x                                   0x10000120   Data           8  taskinit.o(.data)
    real_y                                   0x10000128   Data           8  taskinit.o(.data)
    e                                        0x10000130   Data           8  taskinit.o(.data)
    f                                        0x10000138   Data           8  taskinit.o(.data)
    c                                        0x10000140   Data           8  taskinit.o(.data)
    g                                        0x10000148   Data           8  taskinit.o(.data)
    T1                                       0x10000150   Data           8  taskinit.o(.data)
    T2                                       0x10000158   Data           8  taskinit.o(.data)
    F                                        0x10000160   Data           8  taskinit.o(.data)
    Tp                                       0x10000168   Data           8  taskinit.o(.data)
    Fx                                       0x10000170   Data           8  taskinit.o(.data)
    Fy                                       0x10000178   Data           8  taskinit.o(.data)
    Fy_Last                                  0x10000180   Data           8  taskinit.o(.data)
    d                                        0x10000188   Data           8  taskinit.o(.data)
    x1                                       0x10000190   Data           8  taskinit.o(.data)
    x2                                       0x10000198   Data           8  taskinit.o(.data)
    y1                                       0x100001a0   Data           8  taskinit.o(.data)
    y2                                       0x100001a8   Data           8  taskinit.o(.data)
    x3                                       0x100001b0   Data           8  taskinit.o(.data)
    y3                                       0x100001b8   Data           8  taskinit.o(.data)
    x4_1                                     0x100001c0   Data           8  taskinit.o(.data)
    y4_1                                     0x100001c8   Data           8  taskinit.o(.data)
    a                                        0x100001d0   Data           8  taskinit.o(.data)
    h                                        0x100001d8   Data           8  taskinit.o(.data)
    xita1                                    0x100001e0   Data           8  taskinit.o(.data)
    xita2                                    0x100001e8   Data           8  taskinit.o(.data)
    L0                                       0x100001f0   Data           8  taskinit.o(.data)
    xita3                                    0x100001f8   Data           8  taskinit.o(.data)
    xita4                                    0x10000200   Data           8  taskinit.o(.data)
    gama                                     0x10000208   Data           8  taskinit.o(.data)
    xita                                     0x10000210   Data           8  taskinit.o(.data)
    xita_Last                                0x10000218   Data           8  taskinit.o(.data)
    FT                                       0x10000220   Data           8  taskinit.o(.data)
    FTTP                                     0x10000228   Data           8  taskinit.o(.data)
    xita_dot                                 0x10000230   Data           8  taskinit.o(.data)
    xita_dot2                                0x10000238   Data           8  taskinit.o(.data)
    xita_dot_Last                            0x10000240   Data           8  taskinit.o(.data)
    L0_dot                                   0x10000248   Data           8  taskinit.o(.data)
    L0_dot2                                  0x10000250   Data           8  taskinit.o(.data)
    L0_dot_Last                              0x10000258   Data           8  taskinit.o(.data)
    L0_Last                                  0x10000260   Data           8  taskinit.o(.data)
    ERR_Temp                                 0x10000268   Data           8  taskinit.o(.data)
    Turn_Tp                                  0x10000270   Data           8  taskinit.o(.data)
    kd_Turn                                  0x10000278   Data          16  taskinit.o(.data)
    Kp_Leg                                   0x10000288   Data          32  taskinit.o(.data)
    Kd_Leg                                   0x100002a8   Data          32  taskinit.o(.data)
    Ka                                       0x100002c8   Data         192  taskinit.o(.data)
    Time_Add                                 0x10000388   Data           8  rs485.o(.data)
    LEN                                      0x10000390   Data           1  laser.o(.data)
    Laser_DIS                                0x10000392   Data           2  laser.o(.data)
    SUM_C                                    0x10000394   Data           2  laser.o(.data)
    sizeof_float                             0x10000396   Data           2  kalaman.o(.data)
    sizeof_double                            0x10000398   Data           2  kalaman.o(.data)
    pxCurrentTCB                             0x100003b0   Data           4  tasks.o(.data)
    Calibrateion_id                          0x10000424   Data           4  accelerometer_calibration.o(.data)
    ahat_T                                   0x10000428   Data           8  accelerometer_calibration.o(.data)
    ahat                                     0x10000430   Data           8  accelerometer_calibration.o(.data)
    Ahat                                     0x10000438   Data           8  accelerometer_calibration.o(.data)
    K_m                                      0x10000440   Data           8  accelerometer_calibration.o(.data)
    uMat                                     0x10000448   Data           8  accelerometer_calibration.o(.data)
    uMat_mius                                0x10000450   Data           8  accelerometer_calibration.o(.data)
    P                                        0x10000458   Data           8  accelerometer_calibration.o(.data)
    K_ca                                     0x10000460   Data           8  accelerometer_calibration.o(.data)
    K_ca_mines                               0x10000468   Data           8  accelerometer_calibration.o(.data)
    a_m                                      0x10000470   Data           8  accelerometer_calibration.o(.data)
    ahat_T_data                              0x10000478   Data          96  accelerometer_calibration.o(.data)
    ahat_data                                0x100004d8   Data          96  accelerometer_calibration.o(.data)
    X_Origion                                0x1000056c   Data           4  imutask.o(.data)
    Y_Origion                                0x10000570   Data           4  imutask.o(.data)
    Z_Origion                                0x10000574   Data           4  imutask.o(.data)
    Send_Color                               0x10000588   Data           1  judgement_info.o(.data)
    GameResult                               0x1000058d   Data           1  judgement_info.o(.data)
    dart_remaining                           0x1000058e   Data           1  judgement_info.o(.data)
    BuffMusk                                 0x1000058f   Data           1  judgement_info.o(.data)
    RobotHurt                                0x10000590   Data           1  judgement_info.o(.data)
    Judge_Self_ID                            0x10000591   Data           1  judgement_info.o(.data)
    Color                                    0x10000592   Data           1  judgement_info.o(.data)
    GameRobotSurvivors                       0x10000593   Data           2  judgement_info.o(.data)
    SupplyProjectileBooking                  0x10000595   Data           2  judgement_info.o(.data)
    AerialRobotEnergy                        0x10000597   Data           2  judgement_info.o(.data)
    Judge_SelfClient_ID                      0x1000059a   Data           2  judgement_info.o(.data)
    cmd_id                                   0x1000059c   Data           2  judgement_info.o(.data)
    GameState                                0x1000059e   Data           3  judgement_info.o(.data)
    dart_status                              0x100005a1   Data           3  judgement_info.o(.data)
    SupplyProjectileAction                   0x100005a4   Data           3  judgement_info.o(.data)
    EventData                                0x100005a7   Data           4  judgement_info.o(.data)
    ShootData                                0x100005ab   Data           6  judgement_info.o(.data)
    bullet_remaing                           0x100005b1   Data           6  judgement_info.o(.data)
    __stdout                                 0x100005b8   Data           4  stdout.o(.data)
    MF                                       0x100005c0   Data          36  variable.o(.bss)
    Turn                                     0x100005e4   Data         256  variable.o(.bss)
    DJ6020                                   0x100006e4   Data         112  variable.o(.bss)
    DM                                       0x10000754   Data          80  variable.o(.bss)
    RxMessage                                0x100007a4   Data          20  can received.o(.bss)
    rc_ctrl                                  0x100007b8   Data          22  remote_control.o(.bss)
    Err_Last_or                              0x10000818   Data          16  taskinit.o(.bss)
    Err_or                                   0x10000828   Data          16  taskinit.o(.bss)
    TTOR                                     0x10000838   Data          16  taskinit.o(.bss)
    u                                        0x10000848   Data          16  taskinit.o(.bss)
    J                                        0x10000858   Data          32  taskinit.o(.bss)
    Ks                                       0x10000878   Data          96  taskinit.o(.bss)
    Acc                                      0x100008d8   Data          12  taskinit.o(.bss)
    LASER_DISTAN_BUFF                        0x100008e4   Data          50  laser.o(.bss)
    LASER_DISTAN_Copy                        0x10000916   Data          50  laser.o(.bss)
    Kalman0                                  0x10000948   Data         536  kalaman.o(.bss)
    Kalman2                                  0x10000b60   Data         536  kalaman.o(.bss)
    xQueueRegistry                           0x10000d78   Data          64  queue.o(.bss)
    Ahat_data                                0x100010c4   Data          72  accelerometer_calibration.o(.bss)
    K_m_data                                 0x1000110c   Data          48  accelerometer_calibration.o(.bss)
    uMat_data                                0x1000113c   Data          64  accelerometer_calibration.o(.bss)
    uMat_mius_data                           0x1000117c   Data          64  accelerometer_calibration.o(.bss)
    P_data                                   0x100011bc   Data          96  accelerometer_calibration.o(.bss)
    K_ca_data                                0x1000121c   Data          36  accelerometer_calibration.o(.bss)
    a_data                                   0x10001240   Data          12  accelerometer_calibration.o(.bss)
    K_ca_mines_data                          0x1000124c   Data          36  accelerometer_calibration.o(.bss)
    Gyro_Fiter_t                             0x10001270   Data        1776  filter_control.o(.bss)
    MPU9250_Real_Data                        0x10001960   Data          40  imutask.o(.bss)
    MPU9250_Raw_Data                         0x10001988   Data          20  imutask.o(.bss)
    MPU6500_Offest_data                      0x100019b0   Data          40  imutask.o(.bss)
    Angular_Handler                          0x100019d8   Data          24  imutask.o(.bss)
    GameRobotStat                            0x100019f0   Data          27  judgement_info.o(.bss)
    PowerHeatData                            0x10001a0b   Data          16  judgement_info.o(.bss)
    GameRobotPos                             0x10001a1b   Data          16  judgement_info.o(.bss)
    ShowData                                 0x10001a2b   Data          30  judgement_info.o(.bss)
    CommuData                                0x10001a49   Data          27  judgement_info.o(.bss)
    CliendTxBuffer                           0x10001a64   Data         200  judgement_info.o(.bss)
    TeammateTxBuffer                         0x10001b2c   Data         200  judgement_info.o(.bss)
    __initial_sp                             0x10001ff8   Data           0  startup_stm32f40_41xxx.o(STACK)



==============================================================================

Memory Map of the image

  Image Entry point : 0x08000189

  Load Region LR_IROM1 (Base: 0x08000000, Size: 0x0000bd70, Max: 0x00100000, ABSOLUTE, COMPRESSED[0x0000b918])

    Execution Region ER_IROM1 (Exec base: 0x08000000, Load base: 0x08000000, Size: 0x0000b7b0, Max: 0x00100000, ABSOLUTE)

    Exec Addr    Load Addr    Size         Type   Attr      Idx    E Section Name        Object

    0x08000000   0x08000000   0x00000188   Data   RO          989    RESET               startup_stm32f40_41xxx.o
    0x08000188   0x08000188   0x00000000   Code   RO         6198  * .ARM.Collect$$$$00000000  mc_w.l(entry.o)
    0x08000188   0x08000188   0x00000004   Code   RO         6543    .ARM.Collect$$$$00000001  mc_w.l(entry2.o)
    0x0800018c   0x0800018c   0x00000004   Code   RO         6546    .ARM.Collect$$$$00000004  mc_w.l(entry5.o)
    0x08000190   0x08000190   0x00000000   Code   RO         6548    .ARM.Collect$$$$00000008  mc_w.l(entry7b.o)
    0x08000190   0x08000190   0x00000000   Code   RO         6550    .ARM.Collect$$$$0000000A  mc_w.l(entry8b.o)
    0x08000190   0x08000190   0x00000008   Code   RO         6551    .ARM.Collect$$$$0000000B  mc_w.l(entry9a.o)
    0x08000198   0x08000198   0x00000000   Code   RO         6553    .ARM.Collect$$$$0000000D  mc_w.l(entry10a.o)
    0x08000198   0x08000198   0x00000000   Code   RO         6555    .ARM.Collect$$$$0000000F  mc_w.l(entry11a.o)
    0x08000198   0x08000198   0x00000004   Code   RO         6544    .ARM.Collect$$$$00002712  mc_w.l(entry2.o)
    0x0800019c   0x0800019c   0x000000b6   Code   RO         4880    .emb_text           port.o
    0x08000252   0x08000252   0x00000002   PAD
    0x08000254   0x08000254   0x00000024   Code   RO          990    .text               startup_stm32f40_41xxx.o
    0x08000278   0x08000278   0x00000078   Code   RO         5836    .text               arm_cortexM4lf_math.lib(arm_cos_f32.o)
    0x080002f0   0x080002f0   0x00000074   Code   RO         5889    .text               arm_cortexM4lf_math.lib(arm_sin_f32.o)
    0x08000364   0x08000364   0x00000108   Code   RO         5913    .text               arm_cortexM4lf_math.lib(arm_mat_add_f32.o)
    0x0800046c   0x0800046c   0x00000008   Code   RO         5937    .text               arm_cortexM4lf_math.lib(arm_mat_init_f32.o)
    0x08000474   0x08000474   0x00000530   Code   RO         5961    .text               arm_cortexM4lf_math.lib(arm_mat_inverse_f32.o)
    0x080009a4   0x080009a4   0x0000013c   Code   RO         5985    .text               arm_cortexM4lf_math.lib(arm_mat_mult_f32.o)
    0x08000ae0   0x08000ae0   0x00000108   Code   RO         6009    .text               arm_cortexM4lf_math.lib(arm_mat_sub_f32.o)
    0x08000be8   0x08000be8   0x00000114   Code   RO         6033    .text               arm_cortexM4lf_math.lib(arm_mat_trans_f32.o)
    0x08000cfc   0x08000cfc   0x00000024   Code   RO         6201    .text               mc_w.l(memcpya.o)
    0x08000d20   0x08000d20   0x00000024   Code   RO         6203    .text               mc_w.l(memseta.o)
    0x08000d44   0x08000d44   0x0000014e   Code   RO         6468    .text               mf_w.l(dadd.o)
    0x08000e92   0x08000e92   0x000000e4   Code   RO         6470    .text               mf_w.l(dmul.o)
    0x08000f76   0x08000f76   0x000000de   Code   RO         6472    .text               mf_w.l(ddiv.o)
    0x08001054   0x08001054   0x0000001c   Code   RO         6476    .text               mf_w.l(ffltul.o)
    0x08001070   0x08001070   0x00000022   Code   RO         6478    .text               mf_w.l(dflti.o)
    0x08001092   0x08001092   0x0000001a   Code   RO         6480    .text               mf_w.l(dfltui.o)
    0x080010ac   0x080010ac   0x00000026   Code   RO         6482    .text               mf_w.l(f2d.o)
    0x080010d2   0x080010d2   0x00000002   PAD
    0x080010d4   0x080010d4   0x00000030   Code   RO         6484    .text               mf_w.l(cdcmple.o)
    0x08001104   0x08001104   0x00000030   Code   RO         6486    .text               mf_w.l(cdrcmple.o)
    0x08001134   0x08001134   0x00000038   Code   RO         6488    .text               mf_w.l(d2f.o)
    0x0800116c   0x0800116c   0x0000002c   Code   RO         6560    .text               mc_w.l(uidiv.o)
    0x08001198   0x08001198   0x00000062   Code   RO         6562    .text               mc_w.l(uldiv.o)
    0x080011fa   0x080011fa   0x0000001e   Code   RO         6564    .text               mc_w.l(llshl.o)
    0x08001218   0x08001218   0x00000024   Code   RO         6566    .text               mc_w.l(llsshr.o)
    0x0800123c   0x0800123c   0x00000000   Code   RO         6575    .text               mc_w.l(iusefp.o)
    0x0800123c   0x0800123c   0x0000006e   Code   RO         6576    .text               mf_w.l(fepilogue.o)
    0x080012aa   0x080012aa   0x000000ba   Code   RO         6578    .text               mf_w.l(depilogue.o)
    0x08001364   0x08001364   0x000000a2   Code   RO         6580    .text               mf_w.l(dsqrt.o)
    0x08001406   0x08001406   0x00000030   Code   RO         6582    .text               mf_w.l(dfixul.o)
    0x08001436   0x08001436   0x00000002   PAD
    0x08001438   0x08001438   0x00000024   Code   RO         6584    .text               mc_w.l(init.o)
    0x0800145c   0x0800145c   0x00000000   Code   RO         6586    .text               mc_w.l(semi.o)
    0x0800145c   0x0800145c   0x00000020   Code   RO         6587    .text               mc_w.l(llushr.o)
    0x0800147c   0x0800147c   0x00000000   Code   RO         6589    .text               mc_w.l(iusesemip.o)
    0x0800147c   0x0800147c   0x0000003e   Code   RO         6590    .text               mf_w.l(dfixi.o)
    0x080014ba   0x080014ba   0x00000056   Code   RO         6600    .text               mc_w.l(__dczerorl2.o)
    0x08001510   0x08001510   0x00000224   Code   RO         5370    i.ACCEL_Calibration  imutask.o
    0x08001734   0x08001734   0x0000009c   Code   RO         5371    i.ACCEL_Filter      imutask.o
    0x080017d0   0x080017d0   0x000005d8   Code   RO         5372    i.AHRSUpdate_GraDes_Delay_Corretion  imutask.o
    0x08001da8   0x08001da8   0x0000000c   Code   RO         5264    i.Acce_Correct_Filter  filter_control.o
    0x08001db4   0x08001db4   0x000000bc   Code   RO         5373    i.Accel_calibration_get  imutask.o
    0x08001e70   0x08001e70   0x00000350   Code   RO         5265    i.Atti2Mat_d        filter_control.o
    0x080021c0   0x080021c0   0x0000001e   Code   RO          682    i.BSP_Init          taskinit.o
    0x080021de   0x080021de   0x00000002   Code   RO          246    i.BusFault_Handler  stm32f4xx_it.o
    0x080021e0   0x080021e0   0x000000f4   Code   RO          533    i.CAN1_Mode_Init    can.o
    0x080022d4   0x080022d4   0x000000c4   Code   RO          436    i.CAN1_RX0_IRQHandler  can received.o
    0x08002398   0x08002398   0x000000f8   Code   RO          534    i.CAN2_Mode_Init    can.o
    0x08002490   0x08002490   0x000003ac   Code   RO          437    i.CAN2_RX1_IRQHandler  can received.o
    0x0800283c   0x0800283c   0x00000048   Code   RO          467    i.CAN_CMD_SUPERPOWER  can send.o
    0x08002884   0x08002884   0x000000cc   Code   RO         2642    i.CAN_FilterInit    stm32f4xx_can.o
    0x08002950   0x08002950   0x00000010   Code   RO         2648    i.CAN_ITConfig      stm32f4xx_can.o
    0x08002960   0x08002960   0x000000e8   Code   RO         2649    i.CAN_Init          stm32f4xx_can.o
    0x08002a48   0x08002a48   0x0000008e   Code   RO         2652    i.CAN_Receive       stm32f4xx_can.o
    0x08002ad6   0x08002ad6   0x000000a4   Code   RO         2657    i.CAN_Transmit      stm32f4xx_can.o
    0x08002b7a   0x08002b7a   0x00000002   PAD
    0x08002b7c   0x08002b7c   0x00000304   Code   RO          683    i.CHASSIS_task      taskinit.o
    0x08002e80   0x08002e80   0x00000044   Code   RO          468    i.Can_9025_Send1    can send.o
    0x08002ec4   0x08002ec4   0x00000044   Code   RO          469    i.Can_9025_Send2    can send.o
    0x08002f08   0x08002f08   0x00000050   Code   RO          470    i.Can_DM8009_DISABLE  can send.o
    0x08002f58   0x08002f58   0x00000050   Code   RO          471    i.Can_DM8009_ENABLE  can send.o
    0x08002fa8   0x08002fa8   0x00000060   Code   RO          472    i.Can_DM8009_TOR    can send.o
    0x08003008   0x08003008   0x00000050   Code   RO          473    i.Can_DM8009_ZERO   can send.o
    0x08003058   0x08003058   0x000000c8   Code   RO         5266    i.Chebyshev50HzLPF  filter_control.o
    0x08003120   0x08003120   0x0000002c   Code   RO         2799    i.DMA_ClearFlag     stm32f4xx_dma.o
    0x0800314c   0x0800314c   0x00000014   Code   RO         2801    i.DMA_Cmd           stm32f4xx_dma.o
    0x08003160   0x08003160   0x00000124   Code   RO         2802    i.DMA_DeInit        stm32f4xx_dma.o
    0x08003284   0x08003284   0x00000014   Code   RO         2803    i.DMA_DoubleBufferModeCmd  stm32f4xx_dma.o
    0x08003298   0x08003298   0x00000016   Code   RO         2804    i.DMA_DoubleBufferModeConfig  stm32f4xx_dma.o
    0x080032ae   0x080032ae   0x00000006   Code   RO         2807    i.DMA_GetCurrDataCounter  stm32f4xx_dma.o
    0x080032b4   0x080032b4   0x0000000e   Code   RO         2808    i.DMA_GetCurrentMemoryTarget  stm32f4xx_dma.o
    0x080032c2   0x080032c2   0x00000002   PAD
    0x080032c4   0x080032c4   0x00000054   Code   RO         2813    i.DMA_Init          stm32f4xx_dma.o
    0x08003318   0x08003318   0x00000004   Code   RO         2816    i.DMA_SetCurrDataCounter  stm32f4xx_dma.o
    0x0800331c   0x0800331c   0x00000002   Code   RO          247    i.DebugMon_Handler  stm32f4xx_it.o
    0x0800331e   0x0800331e   0x00000002   PAD
    0x08003320   0x08003320   0x0000000c   Code   RO         3203    i.FLASH_ClearFlag   stm32f4xx_flash.o
    0x0800332c   0x0800332c   0x0000006c   Code   RO         3209    i.FLASH_EraseSector  stm32f4xx_flash.o
    0x08003398   0x08003398   0x0000003c   Code   RO         3211    i.FLASH_GetStatus   stm32f4xx_flash.o
    0x080033d4   0x080033d4   0x00000010   Code   RO         3215    i.FLASH_Lock        stm32f4xx_flash.o
    0x080033e4   0x080033e4   0x00000038   Code   RO         3236    i.FLASH_ProgramByte  stm32f4xx_flash.o
    0x0800341c   0x0800341c   0x00000024   Code   RO         3241    i.FLASH_Unlock      stm32f4xx_flash.o
    0x08003440   0x08003440   0x0000001e   Code   RO         3242    i.FLASH_WaitForLastOperation  stm32f4xx_flash.o
    0x0800345e   0x0800345e   0x0000001c   Code   RO         5078    i.FlashAllEraseBoot  bsp_flash.o
    0x0800347a   0x0800347a   0x00000002   PAD
    0x0800347c   0x0800347c   0x00000018   Code   RO         5081    i.FlashReadK        bsp_flash.o
    0x08003494   0x08003494   0x00000034   Code   RO         5082    i.FlashWriteK       bsp_flash.o
    0x080034c8   0x080034c8   0x00000078   Code   RO         1041    i.GPIO_Init         stm32f4xx_gpio.o
    0x08003540   0x08003540   0x00000020   Code   RO         1042    i.GPIO_PinAFConfig  stm32f4xx_gpio.o
    0x08003560   0x08003560   0x00000004   Code   RO         1048    i.GPIO_ResetBits    stm32f4xx_gpio.o
    0x08003564   0x08003564   0x00000004   Code   RO         1049    i.GPIO_SetBits      stm32f4xx_gpio.o
    0x08003568   0x08003568   0x00000074   Code   RO         5376    i.GYRO_Filter       imutask.o
    0x080035dc   0x080035dc   0x00000054   Code   RO         5549    i.Get_Sys_Ticks     mpu_time_init.o
    0x08003630   0x08003630   0x00000070   Code   RO         5268    i.Gyro_Correct_Filter  filter_control.o
    0x080036a0   0x080036a0   0x00000002   Code   RO          248    i.HardFault_Handler  stm32f4xx_it.o
    0x080036a2   0x080036a2   0x00000002   PAD
    0x080036a4   0x080036a4   0x00000078   Code   RO         5377    i.IMU_Calibration   imutask.o
    0x0800371c   0x0800371c   0x00000070   Code   RO         5380    i.IMU_task          imutask.o
    0x0800378c   0x0800378c   0x000001a0   Code   RO          873    i.Kalaman_feedback  kalaman.o
    0x0800392c   0x0800392c   0x0000022c   Code   RO          874    i.Kalman_Filter_Init  kalaman.o
    0x08003b58   0x08003b58   0x0000012e   Code   RO         5131    i.MPU6500_1_init    bsp_mpu9250_init.o
    0x08003c86   0x08003c86   0x0000012e   Code   RO         5132    i.MPU6500_2_init    bsp_mpu9250_init.o
    0x08003db4   0x08003db4   0x00000018   Code   RO         5133    i.MPU6500_Init      bsp_mpu9250_init.o
    0x08003dcc   0x08003dcc   0x00000052   Code   RO         5134    i.MPU9250_Get_Accelerometer  bsp_mpu9250_init.o
    0x08003e1e   0x08003e1e   0x00000082   Code   RO         5135    i.MPU9250_Get_Gyroscope  bsp_mpu9250_init.o
    0x08003ea0   0x08003ea0   0x00000050   Code   RO         5137    i.MPU9250_Get_Temperature  bsp_mpu9250_init.o
    0x08003ef0   0x08003ef0   0x0000005c   Code   RO         5139    i.MPU9250_Read_Byte  bsp_mpu9250_init.o
    0x08003f4c   0x08003f4c   0x00000070   Code   RO         5140    i.MPU9250_Read_Len  bsp_mpu9250_init.o
    0x08003fbc   0x08003fbc   0x00000058   Code   RO         5143    i.MPU9250_Write_Byte  bsp_mpu9250_init.o
    0x08004014   0x08004014   0x00000034   Code   RO         5145    i.MPUHEAT_configuration  bsp_mpu9250_init.o
    0x08004048   0x08004048   0x0000000c   Code   RO         5146    i.MPUHEAT_off       bsp_mpu9250_init.o
    0x08004054   0x08004054   0x00000098   Code   RO         5148    i.MPU_SPI_Configuration  bsp_mpu9250_init.o
    0x080040ec   0x080040ec   0x000003f0   Code   RO         5270    i.Mat2Quat          filter_control.o
    0x080044dc   0x080044dc   0x0000005c   Code   RO         5271    i.Mat_Trans_d       filter_control.o
    0x08004538   0x08004538   0x00000002   Code   RO          249    i.MemManage_Handler  stm32f4xx_it.o
    0x0800453a   0x0800453a   0x00000002   Code   RO          250    i.NMI_Handler       stm32f4xx_it.o
    0x0800453c   0x0800453c   0x00000064   Code   RO          996    i.NVIC_Init         misc.o
    0x080045a0   0x080045a0   0x00000014   Code   RO          997    i.NVIC_PriorityGroupConfig  misc.o
    0x080045b4   0x080045b4   0x0000006c   Code   RO          474    i.PlateCan          can send.o
    0x08004620   0x08004620   0x00000052   Code   RO          362    i.RAMP_float        variable.o
    0x08004672   0x08004672   0x00000002   PAD
    0x08004674   0x08004674   0x00000018   Code   RO         1138    i.RCC_AHB1PeriphClockCmd  stm32f4xx_rcc.o
    0x0800468c   0x0800468c   0x00000018   Code   RO         1147    i.RCC_APB1PeriphClockCmd  stm32f4xx_rcc.o
    0x080046a4   0x080046a4   0x00000018   Code   RO         1149    i.RCC_APB1PeriphResetCmd  stm32f4xx_rcc.o
    0x080046bc   0x080046bc   0x00000018   Code   RO         1150    i.RCC_APB2PeriphClockCmd  stm32f4xx_rcc.o
    0x080046d4   0x080046d4   0x00000018   Code   RO         1152    i.RCC_APB2PeriphResetCmd  stm32f4xx_rcc.o
    0x080046ec   0x080046ec   0x00000090   Code   RO         1159    i.RCC_GetClocksFreq  stm32f4xx_rcc.o
    0x0800477c   0x0800477c   0x00000144   Code   RO          761    i.RC_Init           usart_dr16.o
    0x080048c0   0x080048c0   0x00000088   Code   RO          579    i.RC_MODE_CONTROL   remote_control.o
    0x08004948   0x08004948   0x000000b4   Code   RO          582    i.SBUS_TO_RC        remote_control.o
    0x080049fc   0x080049fc   0x000000bc   Code   RO         5509    i.SPI1_Init         mpu_spi_init.o
    0x08004ab8   0x08004ab8   0x00000034   Code   RO         5510    i.SPI1_ReadWriteByte  mpu_spi_init.o
    0x08004aec   0x08004aec   0x00000014   Code   RO         2983    i.SPI_Cmd           stm32f4xx_spi.o
    0x08004b00   0x08004b00   0x0000000e   Code   RO         2991    i.SPI_I2S_GetFlagStatus  stm32f4xx_spi.o
    0x08004b0e   0x08004b0e   0x00000004   Code   RO         2994    i.SPI_I2S_ReceiveData  stm32f4xx_spi.o
    0x08004b12   0x08004b12   0x00000004   Code   RO         2995    i.SPI_I2S_SendData  stm32f4xx_spi.o
    0x08004b16   0x08004b16   0x00000038   Code   RO         2996    i.SPI_Init          stm32f4xx_spi.o
    0x08004b4e   0x08004b4e   0x00000002   PAD
    0x08004b50   0x08004b50   0x00000068   Code   RO          684    i.SYSTEM_Init       taskinit.o
    0x08004bb8   0x08004bb8   0x000000b4   Code   RO          325    i.SetSysClock       system_stm32f4xx.o
    0x08004c6c   0x08004c6c   0x00001bc8   Code   RO          685    i.Solve_task        taskinit.o
    0x08006834   0x08006834   0x00000064   Code   RO          686    i.Super_power_ctrl  taskinit.o
    0x08006898   0x08006898   0x00000018   Code   RO         1000    i.SysTick_CLKSourceConfig  misc.o
    0x080068b0   0x080068b0   0x00000014   Code   RO          933    i.SysTick_Handler   delay.o
    0x080068c4   0x080068c4   0x0000005c   Code   RO          327    i.SystemInit        system_stm32f4xx.o
    0x08006920   0x08006920   0x00000034   Code   RO          793    i.TIM5_IRQHandler   rs485.o
    0x08006954   0x08006954   0x0000005c   Code   RO          794    i.TIM5_Init         rs485.o
    0x080069b0   0x080069b0   0x00000006   Code   RO         1725    i.TIM_ClearITPendingBit  stm32f4xx_tim.o
    0x080069b6   0x080069b6   0x00000014   Code   RO         1730    i.TIM_Cmd           stm32f4xx_tim.o
    0x080069ca   0x080069ca   0x00000018   Code   RO         1751    i.TIM_GetITStatus   stm32f4xx_tim.o
    0x080069e2   0x080069e2   0x00000010   Code   RO         1755    i.TIM_ITConfig      stm32f4xx_tim.o
    0x080069f2   0x080069f2   0x00000002   PAD
    0x080069f4   0x080069f4   0x0000007c   Code   RO         1802    i.TIM_TimeBaseInit  stm32f4xx_tim.o
    0x08006a70   0x08006a70   0x00000034   Code   RO          687    i.Task_Init         taskinit.o
    0x08006aa4   0x08006aa4   0x00000088   Code   RO          839    i.UART5_IRQHandler  laser.o
    0x08006b2c   0x08006b2c   0x000000fc   Code   RO          583    i.USART2_IRQHandler  remote_control.o
    0x08006c28   0x08006c28   0x00000006   Code   RO         1528    i.USART_ClearFlag   stm32f4xx_usart.o
    0x08006c2e   0x08006c2e   0x0000000c   Code   RO         1529    i.USART_ClearITPendingBit  stm32f4xx_usart.o
    0x08006c3a   0x08006c3a   0x00000014   Code   RO         1532    i.USART_Cmd         stm32f4xx_usart.o
    0x08006c4e   0x08006c4e   0x00000010   Code   RO         1533    i.USART_DMACmd      stm32f4xx_usart.o
    0x08006c5e   0x08006c5e   0x00000002   PAD
    0x08006c60   0x08006c60   0x000000ac   Code   RO         1534    i.USART_DeInit      stm32f4xx_usart.o
    0x08006d0c   0x08006d0c   0x0000003e   Code   RO         1536    i.USART_GetITStatus  stm32f4xx_usart.o
    0x08006d4a   0x08006d4a   0x00000030   Code   RO         1538    i.USART_ITConfig    stm32f4xx_usart.o
    0x08006d7a   0x08006d7a   0x00000002   PAD
    0x08006d7c   0x08006d7c   0x000000ac   Code   RO         1539    i.USART_Init        stm32f4xx_usart.o
    0x08006e28   0x08006e28   0x00000008   Code   RO         1546    i.USART_ReceiveData  stm32f4xx_usart.o
    0x08006e30   0x08006e30   0x00000002   Code   RO          251    i.UsageFault_Handler  stm32f4xx_it.o
    0x08006e32   0x08006e32   0x00000002   PAD
    0x08006e34   0x08006e34   0x00000038   Code   RO          559    i.VerticalTurn      pid.o
    0x08006e6c   0x08006e6c   0x00000020   Code   RO         6440    i.__0printf         mc_w.l(printfa.o)
    0x08006e8c   0x08006e8c   0x00000030   Code   RO         6527    i.__ARM_fpclassify  m_wm.l(fpclassify.o)
    0x08006ebc   0x08006ebc   0x00000004   PAD
    0x08006ec0   0x08006ec0   0x00000360   Code   RO         6136    i.__hardfp_asin     m_wm.l(asin.o)
    0x08007220   0x08007220   0x000002d8   Code   RO         6490    i.__hardfp_atan     m_wm.l(atan.o)
    0x080074f8   0x080074f8   0x000001f0   Code   RO         6150    i.__hardfp_atan2    m_wm.l(atan2.o)
    0x080076e8   0x080076e8   0x000000c8   Code   RO         6162    i.__hardfp_cos      m_wm.l(cos.o)
    0x080077b0   0x080077b0   0x000000c8   Code   RO         6174    i.__hardfp_sin      m_wm.l(sin.o)
    0x08007878   0x08007878   0x0000007a   Code   RO         6186    i.__hardfp_sqrt     m_wm.l(sqrt_full.o)
    0x080078f2   0x080078f2   0x00000006   PAD
    0x080078f8   0x080078f8   0x00000438   Code   RO         6532    i.__ieee754_rem_pio2  m_wm.l(rred.o)
    0x08007d30   0x08007d30   0x00000170   Code   RO         6504    i.__kernel_cos      m_wm.l(cos_i.o)
    0x08007ea0   0x08007ea0   0x000000f8   Code   RO         6529    i.__kernel_poly     m_wm.l(poly.o)
    0x08007f98   0x08007f98   0x00000130   Code   RO         6537    i.__kernel_sin      m_wm.l(sin_i.o)
    0x080080c8   0x080080c8   0x00000014   Code   RO         6508    i.__mathlib_dbl_infnan  m_wm.l(dunder.o)
    0x080080dc   0x080080dc   0x00000014   Code   RO         6509    i.__mathlib_dbl_infnan2  m_wm.l(dunder.o)
    0x080080f0   0x080080f0   0x00000020   Code   RO         6510    i.__mathlib_dbl_invalid  m_wm.l(dunder.o)
    0x08008110   0x08008110   0x00000020   Code   RO         6513    i.__mathlib_dbl_underflow  m_wm.l(dunder.o)
    0x08008130   0x08008130   0x0000000e   Code   RO         6594    i.__scatterload_copy  mc_w.l(handlers.o)
    0x0800813e   0x0800813e   0x00000002   Code   RO         6595    i.__scatterload_null  mc_w.l(handlers.o)
    0x08008140   0x08008140   0x0000000e   Code   RO         6596    i.__scatterload_zeroinit  mc_w.l(handlers.o)
    0x0800814e   0x0800814e   0x00000002   PAD
    0x08008150   0x08008150   0x0000000c   Code   RO         6570    i.__set_errno       mc_w.l(errno.o)
    0x0800815c   0x0800815c   0x00000184   Code   RO         6447    i._fp_digits        mc_w.l(printfa.o)
    0x080082e0   0x080082e0   0x000006dc   Code   RO         6448    i._printf_core      mc_w.l(printfa.o)
    0x080089bc   0x080089bc   0x00000024   Code   RO         6449    i._printf_post_padding  mc_w.l(printfa.o)
    0x080089e0   0x080089e0   0x0000002e   Code   RO         6450    i._printf_pre_padding  mc_w.l(printfa.o)
    0x08008a0e   0x08008a0e   0x00000002   PAD
    0x08008a10   0x08008a10   0x0000005c   Code   RO         5022    i.accel_data_update  accelerometer_calibration.o
    0x08008a6c   0x08008a6c   0x00000144   Code   RO         5023    i.accel_mat_init    accelerometer_calibration.o
    0x08008bb0   0x08008bb0   0x00000010   Code   RO         6492    i.atan              m_wm.l(atan.o)
    0x08008bc0   0x08008bc0   0x00000088   Code   RO         5024    i.caculate_mat      accelerometer_calibration.o
    0x08008c48   0x08008c48   0x000000dc   Code   RO         5025    i.cali_accel_para   accelerometer_calibration.o
    0x08008d24   0x08008d24   0x00000004   Code   RO         5026    i.cali_fenction     accelerometer_calibration.o
    0x08008d28   0x08008d28   0x00000038   Code   RO          934    i.delay_init        delay.o
    0x08008d60   0x08008d60   0x00000018   Code   RO         6523    i.fabs              m_wm.l(fabs.o)
    0x08008d78   0x08008d78   0x00000028   Code   RO          363    i.float_to_uint     variable.o
    0x08008da0   0x08008da0   0x00000012   Code   RO         6557    i.fputc             mc_w.l(fputc.o)
    0x08008db2   0x08008db2   0x0000000c   Code   RO         4512    i.inHandlerMode     cmsis_os.o
    0x08008dbe   0x08008dbe   0x00000002   PAD
    0x08008dc0   0x08008dc0   0x0000002c   Code   RO         5273    i.invSqrt           filter_control.o
    0x08008dec   0x08008dec   0x0000000a   Code   RO            3    i.main              main.o
    0x08008df6   0x08008df6   0x00000018   Code   RO         5489    i.mpu_delay_ms      mpu_delay.o
    0x08008e0e   0x08008e0e   0x00000002   PAD
    0x08008e10   0x08008e10   0x00000040   Code   RO         5274    i.my_sqrt           filter_control.o
    0x08008e50   0x08008e50   0x00000018   Code   RO         4520    i.osKernelSysTick   cmsis_os.o
    0x08008e68   0x08008e68   0x00000070   Code   RO         4066    i.prvAddCurrentTaskToDelayedList  tasks.o
    0x08008ed8   0x08008ed8   0x000000d0   Code   RO         4067    i.prvAddNewTaskToReadyList  tasks.o
    0x08008fa8   0x08008fa8   0x00000050   Code   RO         4384    i.prvCheckForValidListAndQueue  timers.o
    0x08008ff8   0x08008ff8   0x00000054   Code   RO         4068    i.prvCheckTasksWaitingTermination  tasks.o
    0x0800904c   0x0800904c   0x00000026   Code   RO         3858    i.prvCopyDataFromQueue  queue.o
    0x08009072   0x08009072   0x0000006c   Code   RO         3859    i.prvCopyDataToQueue  queue.o
    0x080090de   0x080090de   0x00000014   Code   RO         4069    i.prvDeleteTCB      tasks.o
    0x080090f2   0x080090f2   0x00000002   PAD
    0x080090f4   0x080090f4   0x0000004c   Code   RO         4965    i.prvHeapInit       heap_4.o
    0x08009140   0x08009140   0x00000028   Code   RO         4070    i.prvIdleTask       tasks.o
    0x08009168   0x08009168   0x000000b4   Code   RO         4071    i.prvInitialiseNewTask  tasks.o
    0x0800921c   0x0800921c   0x0000004c   Code   RO         4966    i.prvInsertBlockIntoFreeList  heap_4.o
    0x08009268   0x08009268   0x00000038   Code   RO         4385    i.prvInsertTimerInActiveList  timers.o
    0x080092a0   0x080092a0   0x0000001a   Code   RO         3860    i.prvIsQueueEmpty   queue.o
    0x080092ba   0x080092ba   0x00000002   PAD
    0x080092bc   0x080092bc   0x00000090   Code   RO         3861    i.prvNotifyQueueSetContainer  queue.o
    0x0800934c   0x0800934c   0x00000060   Code   RO         4386    i.prvProcessExpiredTimer  timers.o
    0x080093ac   0x080093ac   0x000000f0   Code   RO         4387    i.prvProcessReceivedCommands  timers.o
    0x0800949c   0x0800949c   0x0000006c   Code   RO         4388    i.prvProcessTimerOrBlockTask  timers.o
    0x08009508   0x08009508   0x00000020   Code   RO         4072    i.prvResetNextTaskUnblockTime  tasks.o
    0x08009528   0x08009528   0x00000028   Code   RO         4389    i.prvSampleTimeNow  timers.o
    0x08009550   0x08009550   0x0000006c   Code   RO         4390    i.prvSwitchTimerLists  timers.o
    0x080095bc   0x080095bc   0x00000064   Code   RO         4881    i.prvTaskExitError  port.o
    0x08009620   0x08009620   0x00000028   Code   RO         4391    i.prvTimerTask      timers.o
    0x08009648   0x08009648   0x00000078   Code   RO         3862    i.prvUnlockQueue    queue.o
    0x080096c0   0x080096c0   0x00000114   Code   RO         4967    i.pvPortMalloc      heap_4.o
    0x080097d4   0x080097d4   0x00000018   Code   RO         4074    i.pvTaskIncrementMutexHeldCount  tasks.o
    0x080097ec   0x080097ec   0x0000002c   Code   RO         4882    i.pxPortInitialiseStack  port.o
    0x08009818   0x08009818   0x00000010   Code   RO          585    i.remote_control_init  remote_control.o
    0x08009828   0x08009828   0x0000006e   Code   RO         6188    i.sqrt              m_wm.l(sqrt_full.o)
    0x08009896   0x08009896   0x00000002   PAD
    0x08009898   0x08009898   0x00000098   Code   RO          689    i.start_task        taskinit.o
    0x08009930   0x08009930   0x00000028   Code   RO          364    i.uint_to_float     variable.o
    0x08009958   0x08009958   0x00000024   Code   RO         3813    i.uxListRemove      list.o
    0x0800997c   0x0800997c   0x00000016   Code   RO         3814    i.vListInitialise   list.o
    0x08009992   0x08009992   0x00000006   Code   RO         3815    i.vListInitialiseItem  list.o
    0x08009998   0x08009998   0x00000030   Code   RO         3816    i.vListInsert       list.o
    0x080099c8   0x080099c8   0x00000018   Code   RO         3817    i.vListInsertEnd    list.o
    0x080099e0   0x080099e0   0x00000078   Code   RO         4884    i.vPortEnterCritical  port.o
    0x08009a58   0x08009a58   0x00000064   Code   RO         4885    i.vPortExitCritical  port.o
    0x08009abc   0x08009abc   0x0000009c   Code   RO         4968    i.vPortFree         heap_4.o
    0x08009b58   0x08009b58   0x00000020   Code   RO         4886    i.vPortSetupTimerInterrupt  port.o
    0x08009b78   0x08009b78   0x0000008c   Code   RO         4887    i.vPortValidateInterruptPriority  port.o
    0x08009c04   0x08009c04   0x00000024   Code   RO         3866    i.vQueueAddToRegistry  queue.o
    0x08009c28   0x08009c28   0x00000044   Code   RO         3869    i.vQueueWaitForMessageRestricted  queue.o
    0x08009c6c   0x08009c6c   0x0000006c   Code   RO         4080    i.vTaskDelay        tasks.o
    0x08009cd8   0x08009cd8   0x000000cc   Code   RO         4082    i.vTaskDelete       tasks.o
    0x08009da4   0x08009da4   0x0000000c   Code   RO         4084    i.vTaskMissedYield  tasks.o
    0x08009db0   0x08009db0   0x00000054   Code   RO         4086    i.vTaskPlaceOnEventList  tasks.o
    0x08009e04   0x08009e04   0x0000005c   Code   RO         4087    i.vTaskPlaceOnEventListRestricted  tasks.o
    0x08009e60   0x08009e60   0x00000084   Code   RO         4089    i.vTaskPriorityInherit  tasks.o
    0x08009ee4   0x08009ee4   0x00000048   Code   RO         4092    i.vTaskSetTimeOutState  tasks.o
    0x08009f2c   0x08009f2c   0x00000094   Code   RO         4093    i.vTaskStartScheduler  tasks.o
    0x08009fc0   0x08009fc0   0x00000010   Code   RO         4095    i.vTaskSuspendAll   tasks.o
    0x08009fd0   0x08009fd0   0x0000007c   Code   RO         4096    i.vTaskSwitchContext  tasks.o
    0x0800a04c   0x0800a04c   0x00000114   Code   RO         4888    i.xPortStartScheduler  port.o
    0x0800a160   0x0800a160   0x0000002c   Code   RO         4889    i.xPortSysTickHandler  port.o
    0x0800a18c   0x0800a18c   0x0000006c   Code   RO         3874    i.xQueueGenericCreate  queue.o
    0x0800a1f8   0x0800a1f8   0x00000184   Code   RO         3875    i.xQueueGenericReceive  queue.o
    0x0800a37c   0x0800a37c   0x000000a8   Code   RO         3876    i.xQueueGenericReset  queue.o
    0x0800a424   0x0800a424   0x00000188   Code   RO         3877    i.xQueueGenericSend  queue.o
    0x0800a5ac   0x0800a5ac   0x000000e0   Code   RO         3878    i.xQueueGenericSendFromISR  queue.o
    0x0800a68c   0x0800a68c   0x00000088   Code   RO         4097    i.xTaskCheckForTimeOut  tasks.o
    0x0800a714   0x0800a714   0x00000056   Code   RO         4098    i.xTaskCreate       tasks.o
    0x0800a76a   0x0800a76a   0x00000002   PAD
    0x0800a76c   0x0800a76c   0x0000001c   Code   RO         4102    i.xTaskGetSchedulerState  tasks.o
    0x0800a788   0x0800a788   0x0000000c   Code   RO         4103    i.xTaskGetTickCount  tasks.o
    0x0800a794   0x0800a794   0x00000010   Code   RO         4104    i.xTaskGetTickCountFromISR  tasks.o
    0x0800a7a4   0x0800a7a4   0x000000e8   Code   RO         4105    i.xTaskIncrementTick  tasks.o
    0x0800a88c   0x0800a88c   0x000000b4   Code   RO         4108    i.xTaskPriorityDisinherit  tasks.o
    0x0800a940   0x0800a940   0x00000098   Code   RO         4109    i.xTaskRemoveFromEventList  tasks.o
    0x0800a9d8   0x0800a9d8   0x000000e4   Code   RO         4111    i.xTaskResumeAll    tasks.o
    0x0800aabc   0x0800aabc   0x00000074   Code   RO         4394    i.xTimerCreate      timers.o
    0x0800ab30   0x0800ab30   0x00000074   Code   RO         4395    i.xTimerCreateTimerTask  timers.o
    0x0800aba4   0x0800aba4   0x00000090   Code   RO         4396    i.xTimerGenericCommand  timers.o
    0x0800ac34   0x0800ac34   0x00000004   PAD
    0x0800ac38   0x0800ac38   0x00000130   Data   RO         5280    .constdata          filter_control.o
    0x0800ad68   0x0800ad68   0x00000804   Data   RO         6113    .constdata          arm_cortexM4lf_math.lib(arm_common_tables.o)
    0x0800b56c   0x0800b56c   0x00000004   PAD
    0x0800b570   0x0800b570   0x00000050   Data   RO         6139    .constdata          m_wm.l(asin.o)
    0x0800b5c0   0x0800b5c0   0x00000098   Data   RO         6493    .constdata          m_wm.l(atan.o)
    0x0800b658   0x0800b658   0x00000030   Data   RO         6505    .constdata          m_wm.l(cos_i.o)
    0x0800b688   0x0800b688   0x00000008   Data   RO         6531    .constdata          m_wm.l(qnan.o)
    0x0800b690   0x0800b690   0x000000c8   Data   RO         6534    .constdata          m_wm.l(rred.o)
    0x0800b758   0x0800b758   0x00000028   Data   RO         6538    .constdata          m_wm.l(sin_i.o)
    0x0800b780   0x0800b780   0x00000030   Data   RO         6592    Region$$Table       anon$$obj.o


    Execution Region RW_IRAM2 (Exec base: 0x10000000, Load base: 0x0800b7b0, Size: 0x00001ff8, Max: 0x00010000, ABSOLUTE, COMPRESSED[0x00000168])

    Exec Addr    Load Addr    Size         Type   Attr      Idx    E Section Name        Object

    0x10000000   COMPRESSED   0x00000014   Data   RW          328    .data               system_stm32f4xx.o
    0x10000014   COMPRESSED   0x00000004   Data   RW          385    .data               variable.o
    0x10000018   COMPRESSED   0x00000004   Data   RW          386    .data               variable.o
    0x1000001c   COMPRESSED   0x00000004   Data   RW          387    .data               variable.o
    0x10000020   COMPRESSED   0x00000004   Data   RW          389    .data               variable.o
    0x10000024   COMPRESSED   0x00000004   Data   RW          391    .data               variable.o
    0x10000028   COMPRESSED   0x00000008   Data   RW          392    .data               variable.o
    0x10000030   COMPRESSED   0x00000006   Data   RW          393    .data               variable.o
    0x10000036   COMPRESSED   0x00000002   PAD
    0x10000038   COMPRESSED   0x00000004   Data   RW          395    .data               variable.o
    0x1000003c   COMPRESSED   0x00000004   Data   RW          396    .data               variable.o
    0x10000040   COMPRESSED   0x00000024   Data   RW          439    .data               can received.o
    0x10000064   COMPRESSED   0x0000000c   Data   RW          475    .data               can send.o
    0x10000070   COMPRESSED   0x00000004   Data   RW          589    .data               remote_control.o
    0x10000074   COMPRESSED   0x00000001   Data   RW          606    .data               remote_control.o
    0x10000075   COMPRESSED   0x00000003   PAD
    0x10000078   COMPRESSED   0x00000310   Data   RW          693    .data               taskinit.o
    0x10000388   COMPRESSED   0x00000008   Data   RW          795    .data               rs485.o
    0x10000390   COMPRESSED   0x00000006   Data   RW          842    .data               laser.o
    0x10000396   COMPRESSED   0x00000004   Data   RW          878    .data               kalaman.o
    0x1000039a   COMPRESSED   0x00000004   Data   RW          938    .data               delay.o
    0x1000039e   COMPRESSED   0x00000010   Data   RW         1191    .data               stm32f4xx_rcc.o
    0x100003ae   COMPRESSED   0x00000002   PAD
    0x100003b0   COMPRESSED   0x0000003c   Data   RW         4114    .data               tasks.o
    0x100003ec   COMPRESSED   0x00000014   Data   RW         4404    .data               timers.o
    0x10000400   COMPRESSED   0x0000000c   Data   RW         4890    .data               port.o
    0x1000040c   COMPRESSED   0x00000018   Data   RW         4973    .data               heap_4.o
    0x10000424   COMPRESSED   0x00000114   Data   RW         5028    .data               accelerometer_calibration.o
    0x10000538   COMPRESSED   0x00000050   Data   RW         5388    .data               imutask.o
    0x10000588   COMPRESSED   0x0000002f   Data   RW         5629    .data               judgement_info.o
    0x100005b7   COMPRESSED   0x00000001   PAD
    0x100005b8   COMPRESSED   0x00000004   Data   RW         6559    .data               mc_w.l(stdout.o)
    0x100005bc   COMPRESSED   0x00000004   Data   RW         6571    .data               mc_w.l(errno.o)
    0x100005c0        -       0x00000024   Zero   RW          365    .bss                variable.o
    0x100005e4        -       0x00000100   Zero   RW          366    .bss                variable.o
    0x100006e4        -       0x00000070   Zero   RW          367    .bss                variable.o
    0x10000754        -       0x00000050   Zero   RW          368    .bss                variable.o
    0x100007a4        -       0x00000014   Zero   RW          438    .bss                can received.o
    0x100007b8        -       0x0000005e   Zero   RW          588    .bss                remote_control.o
    0x10000816   COMPRESSED   0x00000002   PAD
    0x10000818        -       0x000000cc   Zero   RW          690    .bss                taskinit.o
    0x100008e4        -       0x00000064   Zero   RW          841    .bss                laser.o
    0x10000948        -       0x00000218   Zero   RW          875    .bss                kalaman.o
    0x10000b60        -       0x00000218   Zero   RW          877    .bss                kalaman.o
    0x10000d78        -       0x00000040   Zero   RW         3889    .bss                queue.o
    0x10000db8        -       0x000002e4   Zero   RW         4113    .bss                tasks.o
    0x1000109c        -       0x00000028   Zero   RW         4403    .bss                timers.o
    0x100010c4        -       0x000001ac   Zero   RW         5027    .bss                accelerometer_calibration.o
    0x10001270        -       0x000006f0   Zero   RW         5277    .bss                filter_control.o
    0x10001960        -       0x00000090   Zero   RW         5384    .bss                imutask.o
    0x100019f0        -       0x00000204   Zero   RW         5628    .bss                judgement_info.o
    0x10001bf4   COMPRESSED   0x00000004   PAD
    0x10001bf8        -       0x00000400   Zero   RW          987    STACK               startup_stm32f40_41xxx.o


    Execution Region RW_IRAM1 (Exec base: 0x20000000, Load base: 0x0800b7b0, Size: 0x0001b800, Max: 0x00020000, ABSOLUTE)

    Exec Addr    Load Addr    Size         Type   Attr      Idx    E Section Name        Object

    0x20000000        -       0x0001b800   Zero   RW         4972    .bss                heap_4.o


==============================================================================

Image component sizes


      Code (inc. data)   RO Data    RW Data    ZI Data      Debug   Object Name

       776         34          0        276        428       7081   accelerometer_calibration.o
       104         10          0          0          0       2311   bsp_flash.o
      1428         68          0          0          0       9809   bsp_mpu9250_init.o
      1136        154          0         36         20       3213   can received.o
       652         70          0         12          0       6252   can send.o
       492         20          0          0          0       2262   can.o
        36          0          0          0          0       9524   cmsis_os.o
        76          6          0          4          0       1527   delay.o
         0          0          0          0          0      12020   event_groups.o
      2380         92        304          0       1776      11385   filter_control.o
       584        138          0         24     112640       4511   heap_4.o
      2736        174          0         80        144      12953   imutask.o
         0          0          0         47        516       3230   judgement_info.o
       972         28          0          4       1072       2757   kalaman.o
       136         14          0          6        100       1593   laser.o
       136          0          0          0          0       3562   list.o
        10          0          0          0          0     364173   main.o
       144         14          0          0          0       2361   misc.o
        24          0          0          0          0        691   mpu_delay.o
       240         12          0          0          0       1421   mpu_spi_init.o
        84         10          0          0          0        660   mpu_time_init.o
        56          4          0          0          0        683   pid.o
      1038        382          0         12          0      11561   port.o
      1820        234          0          0         64      14153   queue.o
       584         42          0          5         94      35727   remote_control.o
       144         12          0          8          0       1644   rs485.o
        36          8        392          0       1024        884   startup_stm32f40_41xxx.o
       758         10          0          0          0       5220   stm32f4xx_can.o
       506         36          0          0          0       7616   stm32f4xx_dma.o
       318         36          0          0          0       5201   stm32f4xx_flash.o
       160          0          0          0          0       3179   stm32f4xx_gpio.o
        12          0          0          0          0       3073   stm32f4xx_it.o
       264         42          0         16          0       6441   stm32f4xx_rcc.o
        98          0          0          0          0       3886   stm32f4xx_spi.o
       190         28          0          0          0       5125   stm32f4xx_tim.o
       516         42          0          0          0       7608   stm32f4xx_usart.o
       272         36          0         20          0       2009   system_stm32f4xx.o
      8322        494          0        784        204      11111   taskinit.o
      2762        676          0         60        740      32166   tasks.o
      1144        260          0         20         40      10786   timers.o
       324         18          0          0          0       1486   usart_dr16.o
       162          0          0         42        484       9118   variable.o

    ----------------------------------------------------------------------
     31670       3208        744       1464     119352     641973   Object Totals
         0          0         48          0          0          0   (incl. Generated)
        38          4          0          8          6          0   (incl. Padding)

    ----------------------------------------------------------------------

      Code (inc. data)   RO Data    RW Data    ZI Data      Debug   Library Member Name

         0          0       2052          0          0       4636   arm_common_tables.o
       120         12          0          0          0      16970   arm_cos_f32.o
       264          0          0          0          0       1482   arm_mat_add_f32.o
         8          0          0          0          0        843   arm_mat_init_f32.o
      1328          4          0          0          0       2718   arm_mat_inverse_f32.o
       316          4          0          0          0       1627   arm_mat_mult_f32.o
       264          0          0          0          0       1482   arm_mat_sub_f32.o
       276          0          0          0          0       1516   arm_mat_trans_f32.o
       116         12          0          0          0        658   arm_sin_f32.o
       864         94         80          0          0        280   asin.o
       744        106        152          0          0        352   atan.o
       496         64          0          0          0        192   atan2.o
       200         20          0          0          0        164   cos.o
       368         46         48          0          0        200   cos_i.o
       104         16          0          0          0        496   dunder.o
        24          0          0          0          0        124   fabs.o
        48          0          0          0          0        124   fpclassify.o
       248          0          0          0          0        152   poly.o
         0          0          8          0          0          0   qnan.o
      1080        142        200          0          0        188   rred.o
       200         20          0          0          0        164   sin.o
       304         24         40          0          0        208   sin_i.o
       232          0          0          0          0        296   sqrt_full.o
        86          0          0          0          0          0   __dczerorl2.o
         0          0          0          0          0          0   entry.o
         0          0          0          0          0          0   entry10a.o
         0          0          0          0          0          0   entry11a.o
         8          4          0          0          0          0   entry2.o
         4          0          0          0          0          0   entry5.o
         0          0          0          0          0          0   entry7b.o
         0          0          0          0          0          0   entry8b.o
         8          4          0          0          0          0   entry9a.o
        12          6          0          4          0         68   errno.o
        18          0          0          0          0         80   fputc.o
        30          0          0          0          0          0   handlers.o
        36          8          0          0          0         68   init.o
         0          0          0          0          0          0   iusefp.o
         0          0          0          0          0          0   iusesemip.o
        30          0          0          0          0         68   llshl.o
        36          0          0          0          0         68   llsshr.o
        32          0          0          0          0         68   llushr.o
        36          0          0          0          0         68   memcpya.o
        36          0          0          0          0        108   memseta.o
      2258         90          0          0          0        452   printfa.o
         0          0          0          0          0          0   semi.o
         0          0          0          4          0          0   stdout.o
        44          0          0          0          0         80   uidiv.o
        98          0          0          0          0         92   uldiv.o
        48          0          0          0          0         68   cdcmple.o
        48          0          0          0          0         68   cdrcmple.o
        56          0          0          0          0         88   d2f.o
       334          0          0          0          0        148   dadd.o
       222          0          0          0          0        100   ddiv.o
       186          0          0          0          0        176   depilogue.o
        62          0          0          0          0         80   dfixi.o
        48          0          0          0          0         68   dfixul.o
        34          0          0          0          0         76   dflti.o
        26          0          0          0          0         76   dfltui.o
       228          0          0          0          0         96   dmul.o
       162          0          0          0          0        100   dsqrt.o
        38          0          0          0          0         68   f2d.o
       110          0          0          0          0        168   fepilogue.o
        28          0          0          0          0         84   ffltul.o

    ----------------------------------------------------------------------
     12026        676       2584          8          0      37556   Library Totals
        20          0          4          0          0          0   (incl. Padding)

    ----------------------------------------------------------------------

      Code (inc. data)   RO Data    RW Data    ZI Data      Debug   Library Name

      2692         32       2052          0          0      31932   arm_cortexM4lf_math.lib
      4912        532        528          0          0       2940   m_wm.l
      2772        112          0          8          0       1220   mc_w.l
      1630          0          0          0          0       1464   mf_w.l

    ----------------------------------------------------------------------
     12026        676       2584          8          0      37556   Library Totals

    ----------------------------------------------------------------------

==============================================================================


      Code (inc. data)   RO Data    RW Data    ZI Data      Debug   

     43696       3884       3328       1472     119352     656609   Grand Totals
     43696       3884       3328        360     119352     656609   ELF Image Totals (compressed)
     43696       3884       3328        360          0          0   ROM Totals

==============================================================================

    Total RO  Size (Code + RO Data)                47024 (  45.92kB)
    Total RW  Size (RW Data + ZI Data)            120824 ( 117.99kB)
    Total ROM Size (Code + RO Data + RW Data)      47384 (  46.27kB)

==============================================================================

