<html>
<body>
<pre>
<h1>礦ision Build Log</h1>
<h2>Tool Versions:</h2>
IDE-Version: μVision V5.24.2.0
Copyright (C) 2017 ARM Ltd and ARM Germany GmbH. All rights reserved.
License Information: D Administrator, WA, LIC=9WSKC-7TALA-2ZMW4-F2C6X-KXDRL-JZUCR
 
Tool Versions:
Toolchain:       MDK-ARM Plus  Version: 5.24.1
Toolchain Path:  F:\Keil_v5\ARM\ARMCC\Bin
C Compiler:      Armcc.exe V5.06 update 5 (build 528)
Assembler:       Armasm.exe V5.06 update 5 (build 528)
Linker/Locator:  ArmLink.exe V5.06 update 5 (build 528)
Library Manager: ArmAr.exe V5.06 update 5 (build 528)
Hex Converter:   FromElf.exe V5.06 update 5 (build 528)
CPU DLL:         SARMCM3.DLL V5.24.1
Dialog DLL:      DCM.DLL V1.16.0.0
Target DLL:      CMSIS_AGDI.dll V1.28.3.0
Dialog DLL:      TCM.DLL V1.32.0.0
 
<h2>Project:</h2>
f:\实验室项目\轮腿小应\LEG_Blance\LEG_Blance\LegBlance_normal - wendingjump - 整理 - 卡尔曼滤波\USER\FreeRTOS.uvprojx
Project File Date:  12/09/2024

<h2>Output:</h2>
*** Using Compiler 'V5.06 update 5 (build 528)', folder: 'F:\Keil_v5\ARM\ARMCC\Bin'
Rebuild target 'FreeRTOS'
compiling stm32f4xx_it.c...
compiling system_stm32f4xx.c...
compiling main.c...
compiling Variable.c...
compiling can received.c...
compiling can send.c...
compiling can.c...
compiling pid.c...
compiling remote_control.c...
compiling usart_dr16.c...
compiling TaskInit.c...
compiling RS485.c...
compiling LASER.c...
compiling sys.c...
compiling Kalaman.c...
assembling startup_stm32f40_41xxx.s...
compiling delay.c...
compiling misc.c...
compiling stm32f4xx_gpio.c...
compiling stm32f4xx_rcc.c...
compiling stm32f4xx_syscfg.c...
compiling stm32f4xx_usart.c...
compiling stm32f4xx_tim.c...
compiling stm32f4xx_fsmc.c...
compiling stm32f4xx_adc.c...
compiling stm32f4xx_can.c...
compiling stm32f4xx_iwdg.c...
compiling stm32f4xx_dma.c...
compiling stm32f4xx_spi.c...
compiling stm32f4xx_wwdg.c...
compiling stm32f4xx_flash.c...
compiling stm32f4xx_dac.c...
compiling stm32f4xx_pwr.c...
compiling croutine.c...
compiling event_groups.c...
compiling list.c...
compiling queue.c...
compiling timers.c...
compiling tasks.c...
compiling cmsis_os.c...
compiling port.c...
compiling heap_4.c...
compiling accelerometer_calibration.c...
compiling BSP_Flash.c...
compiling BSP_MPU9250_Init.c...
compiling mpu_delay.c...
compiling Filter_Control.c...
compiling IMUTask.c...
compiling MPU_SPI_Init.c...
compiling MPU_TIME_Init.c...
compiling Judge_Task.c...
compiling judgement_info.c...
compiling protocol.c...
compiling RM_Client_UI.c...
linking...
Program Size: Code=43696 RO-data=3328 RW-data=1472 ZI-data=119352  
FromELF: creating hex file...
"..\OBJ\LEG.axf" - 0 Error(s), 0 Warning(s).

<h2>Software Packages used:</h2>

Package Vendor: Keil
                http://www.keil.com/pack/Keil.STM32F4xx_DFP.1.0.8.pack
                Keil.STM32F4xx_DFP.1.0.8
                STMicroelectronics STM32F4 Series Device Support, Drivers and Examples

<h2>Collection of Component include folders:</h2>
  .\RTE\_FreeRTOS
  F:\Keil_v5\ARM\PACK\Keil\STM32F4xx_DFP\1.0.8\Device\Include

<h2>Collection of Component Files used:</h2>
Build Time Elapsed:  00:00:20
</pre>
</body>
</html>
